hUtfMap := { ;
"\ud83c\udf00" => {"🌀","1F300","F0 9F 8C 80"},; 
"\ud83c\udf01" => {"🌁","1F301","F0 9F 8C 81"},; 
"\ud83c\udf02" => {"🌂","1F302","F0 9F 8C 82"},; 
"\ud83c\udf03" => {"🌃","1F303","F0 9F 8C 83"},; 
"\ud83c\udf04" => {"🌄","1F304","F0 9F 8C 84"},; 
"\ud83c\udf05" => {"🌅","1F305","F0 9F 8C 85"},; 
"\ud83c\udf06" => {"🌆","1F306","F0 9F 8C 86"},; 
"\ud83c\udf07" => {"🌇","1F307","F0 9F 8C 87"},; 
"\ud83c\udf08" => {"🌈","1F308","F0 9F 8C 88"},; 
"\ud83c\udf09" => {"🌉","1F309","F0 9F 8C 89"},; 
"\ud83c\udf0a" => {"🌊","1F30A","F0 9F 8C 8A"},; 
"\ud83c\udf0b" => {"🌋","1F30B","F0 9F 8C 8B"},; 
"\ud83c\udf0c" => {"🌌","1F30C","F0 9F 8C 8C"},; 
"\ud83c\udf0d" => {"🌍","1F30D","F0 9F 8C 8D"},; 
"\ud83c\udf0e" => {"🌎","1F30E","F0 9F 8C 8E"},; 
"\ud83c\udf0f" => {"🌏","1F30F","F0 9F 8C 8F"},; 
"\ud83c\udf10" => {"🌐","1F310","F0 9F 8C 90"},; 
"\ud83c\udf11" => {"🌑","1F311","F0 9F 8C 91"},; 
"\ud83c\udf12" => {"🌒","1F312","F0 9F 8C 92"},; 
"\ud83c\udf13" => {"🌓","1F313","F0 9F 8C 93"},; 
"\ud83c\udf14" => {"🌔","1F314","F0 9F 8C 94"},; 
"\ud83c\udf15" => {"🌕","1F315","F0 9F 8C 95"},; 
"\ud83c\udf16" => {"🌖","1F316","F0 9F 8C 96"},; 
"\ud83c\udf17" => {"🌗","1F317","F0 9F 8C 97"},; 
"\ud83c\udf18" => {"🌘","1F318","F0 9F 8C 98"},; 
"\ud83c\udf19" => {"🌙","1F319","F0 9F 8C 99"},; 
"\ud83c\udf1a" => {"🌚","1F31A","F0 9F 8C 9A"},; 
"\ud83c\udf1b" => {"🌛","1F31B","F0 9F 8C 9B"},; 
"\ud83c\udf1c" => {"🌜","1F31C","F0 9F 8C 9C"},; 
"\ud83c\udf1d" => {"🌝","1F31D","F0 9F 8C 9D"},; 
"\ud83c\udf1e" => {"🌞","1F31E","F0 9F 8C 9E"},; 
"\ud83c\udf1f" => {"🌟","1F31F","F0 9F 8C 9F"},; 
"\ud83c\udf20" => {"🌠","1F320","F0 9F 8C A0"},; 
"\ud83c\udf21" => {"🌡","1F321","F0 9F 8C A1"},; 
"\ud83c\udf22" => {"🌢","1F322","F0 9F 8C A2"},; 
"\ud83c\udf23" => {"🌣","1F323","F0 9F 8C A3"},; 
"\ud83c\udf24" => {"🌤","1F324","F0 9F 8C A4"},; 
"\ud83c\udf25" => {"🌥","1F325","F0 9F 8C A5"},; 
"\ud83c\udf26" => {"🌦","1F326","F0 9F 8C A6"},; 
"\ud83c\udf27" => {"🌧","1F327","F0 9F 8C A7"},; 
"\ud83c\udf28" => {"🌨","1F328","F0 9F 8C A8"},; 
"\ud83c\udf29" => {"🌩","1F329","F0 9F 8C A9"},; 
"\ud83c\udf2a" => {"🌪","1F32A","F0 9F 8C AA"},; 
"\ud83c\udf2b" => {"🌫","1F32B","F0 9F 8C AB"},; 
"\ud83c\udf2c" => {"🌬","1F32C","F0 9F 8C AC"},; 
"\ud83c\udf2d" => {"🌭","1F32D","F0 9F 8C AD"},; 
"\ud83c\udf2e" => {"🌮","1F32E","F0 9F 8C AE"},; 
"\ud83c\udf2f" => {"🌯","1F32F","F0 9F 8C AF"},; 
"\ud83c\udf30" => {"🌰","1F330","F0 9F 8C B0"},; 
"\ud83c\udf31" => {"🌱","1F331","F0 9F 8C B1"},; 
"\ud83c\udf32" => {"🌲","1F332","F0 9F 8C B2"},; 
"\ud83c\udf33" => {"🌳","1F333","F0 9F 8C B3"},; 
"\ud83c\udf34" => {"🌴","1F334","F0 9F 8C B4"},; 
"\ud83c\udf35" => {"🌵","1F335","F0 9F 8C B5"},; 
"\ud83c\udf36" => {"🌶","1F336","F0 9F 8C B6"},; 
"\ud83c\udf37" => {"🌷","1F337","F0 9F 8C B7"},; 
"\ud83c\udf38" => {"🌸","1F338","F0 9F 8C B8"},; 
"\ud83c\udf39" => {"🌹","1F339","F0 9F 8C B9"},; 
"\ud83c\udf3a" => {"🌺","1F33A","F0 9F 8C BA"},; 
"\ud83c\udf3b" => {"🌻","1F33B","F0 9F 8C BB"},; 
"\ud83c\udf3c" => {"🌼","1F33C","F0 9F 8C BC"},; 
"\ud83c\udf3d" => {"🌽","1F33D","F0 9F 8C BD"},; 
"\ud83c\udf3e" => {"🌾","1F33E","F0 9F 8C BE"},; 
"\ud83c\udf3f" => {"🌿","1F33F","F0 9F 8C BF"},; 
"\ud83c\udf40" => {"🍀","1F340","F0 9F 8D 80"},; 
"\ud83c\udf41" => {"🍁","1F341","F0 9F 8D 81"},; 
"\ud83c\udf42" => {"🍂","1F342","F0 9F 8D 82"},; 
"\ud83c\udf43" => {"🍃","1F343","F0 9F 8D 83"},; 
"\ud83c\udf44" => {"🍄","1F344","F0 9F 8D 84"},; 
"\ud83c\udf45" => {"🍅","1F345","F0 9F 8D 85"},; 
"\ud83c\udf46" => {"🍆","1F346","F0 9F 8D 86"},; 
"\ud83c\udf47" => {"🍇","1F347","F0 9F 8D 87"},; 
"\ud83c\udf48" => {"🍈","1F348","F0 9F 8D 88"},; 
"\ud83c\udf49" => {"🍉","1F349","F0 9F 8D 89"},; 
"\ud83c\udf4a" => {"🍊","1F34A","F0 9F 8D 8A"},; 
"\ud83c\udf4b" => {"🍋","1F34B","F0 9F 8D 8B"},; 
"\ud83c\udf4c" => {"🍌","1F34C","F0 9F 8D 8C"},; 
"\ud83c\udf4d" => {"🍍","1F34D","F0 9F 8D 8D"},; 
"\ud83c\udf4e" => {"🍎","1F34E","F0 9F 8D 8E"},; 
"\ud83c\udf4f" => {"🍏","1F34F","F0 9F 8D 8F"},; 
"\ud83c\udf50" => {"🍐","1F350","F0 9F 8D 90"},; 
"\ud83c\udf51" => {"🍑","1F351","F0 9F 8D 91"},; 
"\ud83c\udf52" => {"🍒","1F352","F0 9F 8D 92"},; 
"\ud83c\udf53" => {"🍓","1F353","F0 9F 8D 93"},; 
"\ud83c\udf54" => {"🍔","1F354","F0 9F 8D 94"},; 
"\ud83c\udf55" => {"🍕","1F355","F0 9F 8D 95"},; 
"\ud83c\udf56" => {"🍖","1F356","F0 9F 8D 96"},; 
"\ud83c\udf57" => {"🍗","1F357","F0 9F 8D 97"},; 
"\ud83c\udf58" => {"🍘","1F358","F0 9F 8D 98"},; 
"\ud83c\udf59" => {"🍙","1F359","F0 9F 8D 99"},; 
"\ud83c\udf5a" => {"🍚","1F35A","F0 9F 8D 9A"},; 
"\ud83c\udf5b" => {"🍛","1F35B","F0 9F 8D 9B"},; 
"\ud83c\udf5c" => {"🍜","1F35C","F0 9F 8D 9C"},; 
"\ud83c\udf5d" => {"🍝","1F35D","F0 9F 8D 9D"},; 
"\ud83c\udf5e" => {"🍞","1F35E","F0 9F 8D 9E"},; 
"\ud83c\udf5f" => {"🍟","1F35F","F0 9F 8D 9F"},; 
"\ud83c\udf60" => {"🍠","1F360","F0 9F 8D A0"},; 
"\ud83c\udf61" => {"🍡","1F361","F0 9F 8D A1"},; 
"\ud83c\udf62" => {"🍢","1F362","F0 9F 8D A2"},; 
"\ud83c\udf63" => {"🍣","1F363","F0 9F 8D A3"},; 
"\ud83c\udf64" => {"🍤","1F364","F0 9F 8D A4"},; 
"\ud83c\udf65" => {"🍥","1F365","F0 9F 8D A5"},; 
"\ud83c\udf66" => {"🍦","1F366","F0 9F 8D A6"},; 
"\ud83c\udf67" => {"🍧","1F367","F0 9F 8D A7"},; 
"\ud83c\udf68" => {"🍨","1F368","F0 9F 8D A8"},; 
"\ud83c\udf69" => {"🍩","1F369","F0 9F 8D A9"},; 
"\ud83c\udf6a" => {"🍪","1F36A","F0 9F 8D AA"},; 
"\ud83c\udf6b" => {"🍫","1F36B","F0 9F 8D AB"},; 
"\ud83c\udf6c" => {"🍬","1F36C","F0 9F 8D AC"},; 
"\ud83c\udf6d" => {"🍭","1F36D","F0 9F 8D AD"},; 
"\ud83c\udf6e" => {"🍮","1F36E","F0 9F 8D AE"},; 
"\ud83c\udf6f" => {"🍯","1F36F","F0 9F 8D AF"},; 
"\ud83c\udf70" => {"🍰","1F370","F0 9F 8D B0"},; 
"\ud83c\udf71" => {"🍱","1F371","F0 9F 8D B1"},; 
"\ud83c\udf72" => {"🍲","1F372","F0 9F 8D B2"},; 
"\ud83c\udf73" => {"🍳","1F373","F0 9F 8D B3"},; 
"\ud83c\udf74" => {"🍴","1F374","F0 9F 8D B4"},; 
"\ud83c\udf75" => {"🍵","1F375","F0 9F 8D B5"},; 
"\ud83c\udf76" => {"🍶","1F376","F0 9F 8D B6"},; 
"\ud83c\udf77" => {"🍷","1F377","F0 9F 8D B7"},; 
"\ud83c\udf78" => {"🍸","1F378","F0 9F 8D B8"},; 
"\ud83c\udf79" => {"🍹","1F379","F0 9F 8D B9"},; 
"\ud83c\udf7a" => {"🍺","1F37A","F0 9F 8D BA"},; 
"\ud83c\udf7b" => {"🍻","1F37B","F0 9F 8D BB"},; 
"\ud83c\udf7c" => {"🍼","1F37C","F0 9F 8D BC"},; 
"\ud83c\udf7d" => {"🍽","1F37D","F0 9F 8D BD"},; 
"\ud83c\udf7e" => {"🍾","1F37E","F0 9F 8D BE"},; 
"\ud83c\udf7f" => {"🍿","1F37F","F0 9F 8D BF"},; 
"\ud83c\udf80" => {"🎀","1F380","F0 9F 8E 80"},; 
"\ud83c\udf81" => {"🎁","1F381","F0 9F 8E 81"},; 
"\ud83c\udf82" => {"🎂","1F382","F0 9F 8E 82"},; 
"\ud83c\udf83" => {"🎃","1F383","F0 9F 8E 83"},; 
"\ud83c\udf84" => {"🎄","1F384","F0 9F 8E 84"},; 
"\ud83c\udf85" => {"🎅","1F385","F0 9F 8E 85"},; 
"\ud83c\udf86" => {"🎆","1F386","F0 9F 8E 86"},; 
"\ud83c\udf87" => {"🎇","1F387","F0 9F 8E 87"},; 
"\ud83c\udf88" => {"🎈","1F388","F0 9F 8E 88"},; 
"\ud83c\udf89" => {"🎉","1F389","F0 9F 8E 89"},; 
"\ud83c\udf8a" => {"🎊","1F38A","F0 9F 8E 8A"},; 
"\ud83c\udf8b" => {"🎋","1F38B","F0 9F 8E 8B"},; 
"\ud83c\udf8c" => {"🎌","1F38C","F0 9F 8E 8C"},; 
"\ud83c\udf8d" => {"🎍","1F38D","F0 9F 8E 8D"},; 
"\ud83c\udf8e" => {"🎎","1F38E","F0 9F 8E 8E"},; 
"\ud83c\udf8f" => {"🎏","1F38F","F0 9F 8E 8F"},; 
"\ud83c\udf90" => {"🎐","1F390","F0 9F 8E 90"},; 
"\ud83c\udf91" => {"🎑","1F391","F0 9F 8E 91"},; 
"\ud83c\udf92" => {"🎒","1F392","F0 9F 8E 92"},; 
"\ud83c\udf93" => {"🎓","1F393","F0 9F 8E 93"},; 
"\ud83c\udf94" => {"🎔","1F394","F0 9F 8E 94"},; 
"\ud83c\udf95" => {"🎕","1F395","F0 9F 8E 95"},; 
"\ud83c\udf96" => {"🎖","1F396","F0 9F 8E 96"},; 
"\ud83c\udf97" => {"🎗","1F397","F0 9F 8E 97"},; 
"\ud83c\udf98" => {"🎘","1F398","F0 9F 8E 98"},; 
"\ud83c\udf99" => {"🎙","1F399","F0 9F 8E 99"},; 
"\ud83c\udf9a" => {"🎚","1F39A","F0 9F 8E 9A"},; 
"\ud83c\udf9b" => {"🎛","1F39B","F0 9F 8E 9B"},; 
"\ud83c\udf9c" => {"🎜","1F39C","F0 9F 8E 9C"},; 
"\ud83c\udf9d" => {"🎝","1F39D","F0 9F 8E 9D"},; 
"\ud83c\udf9e" => {"🎞","1F39E","F0 9F 8E 9E"},; 
"\ud83c\udf9f" => {"🎟","1F39F","F0 9F 8E 9F"},; 
"\ud83c\udfa0" => {"🎠","1F3A0","F0 9F 8E A0"},; 
"\ud83c\udfa1" => {"🎡","1F3A1","F0 9F 8E A1"},; 
"\ud83c\udfa2" => {"🎢","1F3A2","F0 9F 8E A2"},; 
"\ud83c\udfa3" => {"🎣","1F3A3","F0 9F 8E A3"},; 
"\ud83c\udfa4" => {"🎤","1F3A4","F0 9F 8E A4"},; 
"\ud83c\udfa5" => {"🎥","1F3A5","F0 9F 8E A5"},; 
"\ud83c\udfa6" => {"🎦","1F3A6","F0 9F 8E A6"},; 
"\ud83c\udfa7" => {"🎧","1F3A7","F0 9F 8E A7"},; 
"\ud83c\udfa8" => {"🎨","1F3A8","F0 9F 8E A8"},; 
"\ud83c\udfa9" => {"🎩","1F3A9","F0 9F 8E A9"},; 
"\ud83c\udfaa" => {"🎪","1F3AA","F0 9F 8E AA"},; 
"\ud83c\udfab" => {"🎫","1F3AB","F0 9F 8E AB"},; 
"\ud83c\udfac" => {"🎬","1F3AC","F0 9F 8E AC"},; 
"\ud83c\udfad" => {"🎭","1F3AD","F0 9F 8E AD"},; 
"\ud83c\udfae" => {"🎮","1F3AE","F0 9F 8E AE"},; 
"\ud83c\udfaf" => {"🎯","1F3AF","F0 9F 8E AF"},; 
"\ud83c\udfb0" => {"🎰","1F3B0","F0 9F 8E B0"},; 
"\ud83c\udfb1" => {"🎱","1F3B1","F0 9F 8E B1"},; 
"\ud83c\udfb2" => {"🎲","1F3B2","F0 9F 8E B2"},; 
"\ud83c\udfb3" => {"🎳","1F3B3","F0 9F 8E B3"},; 
"\ud83c\udfb4" => {"🎴","1F3B4","F0 9F 8E B4"},; 
"\ud83c\udfb5" => {"🎵","1F3B5","F0 9F 8E B5"},; 
"\ud83c\udfb6" => {"🎶","1F3B6","F0 9F 8E B6"},; 
"\ud83c\udfb7" => {"🎷","1F3B7","F0 9F 8E B7"},; 
"\ud83c\udfb8" => {"🎸","1F3B8","F0 9F 8E B8"},; 
"\ud83c\udfb9" => {"🎹","1F3B9","F0 9F 8E B9"},; 
"\ud83c\udfba" => {"🎺","1F3BA","F0 9F 8E BA"},; 
"\ud83c\udfbb" => {"🎻","1F3BB","F0 9F 8E BB"},; 
"\ud83c\udfbc" => {"🎼","1F3BC","F0 9F 8E BC"},; 
"\ud83c\udfbd" => {"🎽","1F3BD","F0 9F 8E BD"},; 
"\ud83c\udfbe" => {"🎾","1F3BE","F0 9F 8E BE"},; 
"\ud83c\udfbf" => {"🎿","1F3BF","F0 9F 8E BF"},; 
"\ud83c\udfc0" => {"🏀","1F3C0","F0 9F 8F 80"},; 
"\ud83c\udfc1" => {"🏁","1F3C1","F0 9F 8F 81"},; 
"\ud83c\udfc2" => {"🏂","1F3C2","F0 9F 8F 82"},; 
"\ud83c\udfc3" => {"🏃","1F3C3","F0 9F 8F 83"},; 
"\ud83c\udfc4" => {"🏄","1F3C4","F0 9F 8F 84"},; 
"\ud83c\udfc5" => {"🏅","1F3C5","F0 9F 8F 85"},; 
"\ud83c\udfc6" => {"🏆","1F3C6","F0 9F 8F 86"},; 
"\ud83c\udfc7" => {"🏇","1F3C7","F0 9F 8F 87"},; 
"\ud83c\udfc8" => {"🏈","1F3C8","F0 9F 8F 88"},; 
"\ud83c\udfc9" => {"🏉","1F3C9","F0 9F 8F 89"},; 
"\ud83c\udfca" => {"🏊","1F3CA","F0 9F 8F 8A"},; 
"\ud83c\udfcb" => {"🏋","1F3CB","F0 9F 8F 8B"},; 
"\ud83c\udfcc" => {"🏌","1F3CC","F0 9F 8F 8C"},; 
"\ud83c\udfcd" => {"🏍","1F3CD","F0 9F 8F 8D"},; 
"\ud83c\udfce" => {"🏎","1F3CE","F0 9F 8F 8E"},; 
"\ud83c\udfcf" => {"🏏","1F3CF","F0 9F 8F 8F"},; 
"\ud83c\udfd0" => {"🏐","1F3D0","F0 9F 8F 90"},; 
"\ud83c\udfd1" => {"🏑","1F3D1","F0 9F 8F 91"},; 
"\ud83c\udfd2" => {"🏒","1F3D2","F0 9F 8F 92"},; 
"\ud83c\udfd3" => {"🏓","1F3D3","F0 9F 8F 93"},; 
"\ud83c\udfd4" => {"🏔","1F3D4","F0 9F 8F 94"},; 
"\ud83c\udfd5" => {"🏕","1F3D5","F0 9F 8F 95"},; 
"\ud83c\udfd6" => {"🏖","1F3D6","F0 9F 8F 96"},; 
"\ud83c\udfd7" => {"🏗","1F3D7","F0 9F 8F 97"},; 
"\ud83c\udfd8" => {"🏘","1F3D8","F0 9F 8F 98"},; 
"\ud83c\udfd9" => {"🏙","1F3D9","F0 9F 8F 99"},; 
"\ud83c\udfda" => {"🏚","1F3DA","F0 9F 8F 9A"},; 
"\ud83c\udfdb" => {"🏛","1F3DB","F0 9F 8F 9B"},; 
"\ud83c\udfdc" => {"🏜","1F3DC","F0 9F 8F 9C"},; 
"\ud83c\udfdd" => {"🏝","1F3DD","F0 9F 8F 9D"},; 
"\ud83c\udfde" => {"🏞","1F3DE","F0 9F 8F 9E"},; 
"\ud83c\udfdf" => {"🏟","1F3DF","F0 9F 8F 9F"},; 
"\ud83c\udfe0" => {"🏠","1F3E0","F0 9F 8F A0"},; 
"\ud83c\udfe1" => {"🏡","1F3E1","F0 9F 8F A1"},; 
"\ud83c\udfe2" => {"🏢","1F3E2","F0 9F 8F A2"},; 
"\ud83c\udfe3" => {"🏣","1F3E3","F0 9F 8F A3"},; 
"\ud83c\udfe4" => {"🏤","1F3E4","F0 9F 8F A4"},; 
"\ud83c\udfe5" => {"🏥","1F3E5","F0 9F 8F A5"},; 
"\ud83c\udfe6" => {"🏦","1F3E6","F0 9F 8F A6"},; 
"\ud83c\udfe7" => {"🏧","1F3E7","F0 9F 8F A7"},; 
"\ud83c\udfe8" => {"🏨","1F3E8","F0 9F 8F A8"},; 
"\ud83c\udfe9" => {"🏩","1F3E9","F0 9F 8F A9"},; 
"\ud83c\udfea" => {"🏪","1F3EA","F0 9F 8F AA"},; 
"\ud83c\udfeb" => {"🏫","1F3EB","F0 9F 8F AB"},; 
"\ud83c\udfec" => {"🏬","1F3EC","F0 9F 8F AC"},; 
"\ud83c\udfed" => {"🏭","1F3ED","F0 9F 8F AD"},; 
"\ud83c\udfee" => {"🏮","1F3EE","F0 9F 8F AE"},; 
"\ud83c\udfef" => {"🏯","1F3EF","F0 9F 8F AF"},; 
"\ud83c\udff0" => {"🏰","1F3F0","F0 9F 8F B0"},; 
"\ud83c\udff1" => {"🏱","1F3F1","F0 9F 8F B1"},; 
"\ud83c\udff2" => {"🏲","1F3F2","F0 9F 8F B2"},; 
"\ud83c\udff3" => {"🏳","1F3F3","F0 9F 8F B3"},; 
"\ud83c\udff4" => {"🏴","1F3F4","F0 9F 8F B4"},; 
"\ud83c\udff5" => {"🏵","1F3F5","F0 9F 8F B5"},; 
"\ud83c\udff6" => {"🏶","1F3F6","F0 9F 8F B6"},; 
"\ud83c\udff7" => {"🏷","1F3F7","F0 9F 8F B7"},; 
"\ud83c\udff8" => {"🏸","1F3F8","F0 9F 8F B8"},; 
"\ud83c\udff9" => {"🏹","1F3F9","F0 9F 8F B9"},; 
"\ud83c\udffa" => {"🏺","1F3FA","F0 9F 8F BA"},; 
"\ud83c\udffb" => {"🏻","1F3FB","F0 9F 8F BB"},; 
"\ud83c\udffc" => {"🏼","1F3FC","F0 9F 8F BC"},; 
"\ud83c\udffd" => {"🏽","1F3FD","F0 9F 8F BD"},; 
"\ud83c\udffe" => {"🏾","1F3FE","F0 9F 8F BE"},; 
"\ud83c\udfff" => {"🏿","1F3FF","F0 9F 8F BF"},; 
"\ud83d\udc00" => {"🐀","1F400","F0 9F 90 80"},; 
"\ud83d\udc01" => {"🐁","1F401","F0 9F 90 81"},; 
"\ud83d\udc02" => {"🐂","1F402","F0 9F 90 82"},; 
"\ud83d\udc03" => {"🐃","1F403","F0 9F 90 83"},; 
"\ud83d\udc04" => {"🐄","1F404","F0 9F 90 84"},; 
"\ud83d\udc05" => {"🐅","1F405","F0 9F 90 85"},; 
"\ud83d\udc06" => {"🐆","1F406","F0 9F 90 86"},; 
"\ud83d\udc07" => {"🐇","1F407","F0 9F 90 87"},; 
"\ud83d\udc08" => {"🐈","1F408","F0 9F 90 88"},; 
"\ud83d\udc09" => {"🐉","1F409","F0 9F 90 89"},; 
"\ud83d\udc0a" => {"🐊","1F40A","F0 9F 90 8A"},; 
"\ud83d\udc0b" => {"🐋","1F40B","F0 9F 90 8B"},; 
"\ud83d\udc0c" => {"🐌","1F40C","F0 9F 90 8C"},; 
"\ud83d\udc0d" => {"🐍","1F40D","F0 9F 90 8D"},; 
"\ud83d\udc0e" => {"🐎","1F40E","F0 9F 90 8E"},; 
"\ud83d\udc0f" => {"🐏","1F40F","F0 9F 90 8F"},; 
"\ud83d\udc10" => {"🐐","1F410","F0 9F 90 90"},; 
"\ud83d\udc11" => {"🐑","1F411","F0 9F 90 91"},; 
"\ud83d\udc12" => {"🐒","1F412","F0 9F 90 92"},; 
"\ud83d\udc13" => {"🐓","1F413","F0 9F 90 93"},; 
"\ud83d\udc14" => {"🐔","1F414","F0 9F 90 94"},; 
"\ud83d\udc15" => {"🐕","1F415","F0 9F 90 95"},; 
"\ud83d\udc16" => {"🐖","1F416","F0 9F 90 96"},; 
"\ud83d\udc17" => {"🐗","1F417","F0 9F 90 97"},; 
"\ud83d\udc18" => {"🐘","1F418","F0 9F 90 98"},; 
"\ud83d\udc19" => {"🐙","1F419","F0 9F 90 99"},; 
"\ud83d\udc1a" => {"🐚","1F41A","F0 9F 90 9A"},; 
"\ud83d\udc1b" => {"🐛","1F41B","F0 9F 90 9B"},; 
"\ud83d\udc1c" => {"🐜","1F41C","F0 9F 90 9C"},; 
"\ud83d\udc1d" => {"🐝","1F41D","F0 9F 90 9D"},; 
"\ud83d\udc1e" => {"🐞","1F41E","F0 9F 90 9E"},; 
"\ud83d\udc1f" => {"🐟","1F41F","F0 9F 90 9F"},; 
"\ud83d\udc20" => {"🐠","1F420","F0 9F 90 A0"},; 
"\ud83d\udc21" => {"🐡","1F421","F0 9F 90 A1"},; 
"\ud83d\udc22" => {"🐢","1F422","F0 9F 90 A2"},; 
"\ud83d\udc23" => {"🐣","1F423","F0 9F 90 A3"},; 
"\ud83d\udc24" => {"🐤","1F424","F0 9F 90 A4"},; 
"\ud83d\udc25" => {"🐥","1F425","F0 9F 90 A5"},; 
"\ud83d\udc26" => {"🐦","1F426","F0 9F 90 A6"},; 
"\ud83d\udc27" => {"🐧","1F427","F0 9F 90 A7"},; 
"\ud83d\udc28" => {"🐨","1F428","F0 9F 90 A8"},; 
"\ud83d\udc29" => {"🐩","1F429","F0 9F 90 A9"},; 
"\ud83d\udc2a" => {"🐪","1F42A","F0 9F 90 AA"},; 
"\ud83d\udc2b" => {"🐫","1F42B","F0 9F 90 AB"},; 
"\ud83d\udc2c" => {"🐬","1F42C","F0 9F 90 AC"},; 
"\ud83d\udc2d" => {"🐭","1F42D","F0 9F 90 AD"},; 
"\ud83d\udc2e" => {"🐮","1F42E","F0 9F 90 AE"},; 
"\ud83d\udc2f" => {"🐯","1F42F","F0 9F 90 AF"},; 
"\ud83d\udc30" => {"🐰","1F430","F0 9F 90 B0"},; 
"\ud83d\udc31" => {"🐱","1F431","F0 9F 90 B1"},; 
"\ud83d\udc32" => {"🐲","1F432","F0 9F 90 B2"},; 
"\ud83d\udc33" => {"🐳","1F433","F0 9F 90 B3"},; 
"\ud83d\udc34" => {"🐴","1F434","F0 9F 90 B4"},; 
"\ud83d\udc35" => {"🐵","1F435","F0 9F 90 B5"},; 
"\ud83d\udc36" => {"🐶","1F436","F0 9F 90 B6"},; 
"\ud83d\udc37" => {"🐷","1F437","F0 9F 90 B7"},; 
"\ud83d\udc38" => {"🐸","1F438","F0 9F 90 B8"},; 
"\ud83d\udc39" => {"🐹","1F439","F0 9F 90 B9"},; 
"\ud83d\udc3a" => {"🐺","1F43A","F0 9F 90 BA"},; 
"\ud83d\udc3b" => {"🐻","1F43B","F0 9F 90 BB"},; 
"\ud83d\udc3c" => {"🐼","1F43C","F0 9F 90 BC"},; 
"\ud83d\udc3d" => {"🐽","1F43D","F0 9F 90 BD"},; 
"\ud83d\udc3e" => {"🐾","1F43E","F0 9F 90 BE"},; 
"\ud83d\udc3f" => {"🐿","1F43F","F0 9F 90 BF"},; 
"\ud83d\udc40" => {"👀","1F440","F0 9F 91 80"},; 
"\ud83d\udc41" => {"👁","1F441","F0 9F 91 81"},; 
"\ud83d\udc42" => {"👂","1F442","F0 9F 91 82"},; 
"\ud83d\udc43" => {"👃","1F443","F0 9F 91 83"},; 
"\ud83d\udc44" => {"👄","1F444","F0 9F 91 84"},; 
"\ud83d\udc45" => {"👅","1F445","F0 9F 91 85"},; 
"\ud83d\udc46" => {"👆","1F446","F0 9F 91 86"},; 
"\ud83d\udc47" => {"👇","1F447","F0 9F 91 87"},; 
"\ud83d\udc48" => {"👈","1F448","F0 9F 91 88"},; 
"\ud83d\udc49" => {"👉","1F449","F0 9F 91 89"},; 
"\ud83d\udc4a" => {"👊","1F44A","F0 9F 91 8A"},; 
"\ud83d\udc4b" => {"👋","1F44B","F0 9F 91 8B"},; 
"\ud83d\udc4c" => {"👌","1F44C","F0 9F 91 8C"},; 
"\ud83d\udc4d" => {"👍","1F44D","F0 9F 91 8D"},; 
"\ud83d\udc4e" => {"👎","1F44E","F0 9F 91 8E"},; 
"\ud83d\udc4f" => {"👏","1F44F","F0 9F 91 8F"},; 
"\ud83d\udc50" => {"👐","1F450","F0 9F 91 90"},; 
"\ud83d\udc51" => {"👑","1F451","F0 9F 91 91"},; 
"\ud83d\udc52" => {"👒","1F452","F0 9F 91 92"},; 
"\ud83d\udc53" => {"👓","1F453","F0 9F 91 93"},; 
"\ud83d\udc54" => {"👔","1F454","F0 9F 91 94"},; 
"\ud83d\udc55" => {"👕","1F455","F0 9F 91 95"},; 
"\ud83d\udc56" => {"👖","1F456","F0 9F 91 96"},; 
"\ud83d\udc57" => {"👗","1F457","F0 9F 91 97"},; 
"\ud83d\udc58" => {"👘","1F458","F0 9F 91 98"},; 
"\ud83d\udc59" => {"👙","1F459","F0 9F 91 99"},; 
"\ud83d\udc5a" => {"👚","1F45A","F0 9F 91 9A"},; 
"\ud83d\udc5b" => {"👛","1F45B","F0 9F 91 9B"},; 
"\ud83d\udc5c" => {"👜","1F45C","F0 9F 91 9C"},; 
"\ud83d\udc5d" => {"👝","1F45D","F0 9F 91 9D"},; 
"\ud83d\udc5e" => {"👞","1F45E","F0 9F 91 9E"},; 
"\ud83d\udc5f" => {"👟","1F45F","F0 9F 91 9F"},; 
"\ud83d\udc60" => {"👠","1F460","F0 9F 91 A0"},; 
"\ud83d\udc61" => {"👡","1F461","F0 9F 91 A1"},; 
"\ud83d\udc62" => {"👢","1F462","F0 9F 91 A2"},; 
"\ud83d\udc63" => {"👣","1F463","F0 9F 91 A3"},; 
"\ud83d\udc64" => {"👤","1F464","F0 9F 91 A4"},; 
"\ud83d\udc65" => {"👥","1F465","F0 9F 91 A5"},; 
"\ud83d\udc66" => {"👦","1F466","F0 9F 91 A6"},; 
"\ud83d\udc67" => {"👧","1F467","F0 9F 91 A7"},; 
"\ud83d\udc68" => {"👨","1F468","F0 9F 91 A8"},; 
"\ud83d\udc69" => {"👩","1F469","F0 9F 91 A9"},; 
"\ud83d\udc6a" => {"👪","1F46A","F0 9F 91 AA"},; 
"\ud83d\udc6b" => {"👫","1F46B","F0 9F 91 AB"},; 
"\ud83d\udc6c" => {"👬","1F46C","F0 9F 91 AC"},; 
"\ud83d\udc6d" => {"👭","1F46D","F0 9F 91 AD"},; 
"\ud83d\udc6e" => {"👮","1F46E","F0 9F 91 AE"},; 
"\ud83d\udc6f" => {"👯","1F46F","F0 9F 91 AF"},; 
"\ud83d\udc70" => {"👰","1F470","F0 9F 91 B0"},; 
"\ud83d\udc71" => {"👱","1F471","F0 9F 91 B1"},; 
"\ud83d\udc72" => {"👲","1F472","F0 9F 91 B2"},; 
"\ud83d\udc73" => {"👳","1F473","F0 9F 91 B3"},; 
"\ud83d\udc74" => {"👴","1F474","F0 9F 91 B4"},; 
"\ud83d\udc75" => {"👵","1F475","F0 9F 91 B5"},; 
"\ud83d\udc76" => {"👶","1F476","F0 9F 91 B6"},; 
"\ud83d\udc77" => {"👷","1F477","F0 9F 91 B7"},; 
"\ud83d\udc78" => {"👸","1F478","F0 9F 91 B8"},; 
"\ud83d\udc79" => {"👹","1F479","F0 9F 91 B9"},; 
"\ud83d\udc7a" => {"👺","1F47A","F0 9F 91 BA"},; 
"\ud83d\udc7b" => {"👻","1F47B","F0 9F 91 BB"},; 
"\ud83d\udc7c" => {"👼","1F47C","F0 9F 91 BC"},; 
"\ud83d\udc7d" => {"👽","1F47D","F0 9F 91 BD"},; 
"\ud83d\udc7e" => {"👾","1F47E","F0 9F 91 BE"},; 
"\ud83d\udc7f" => {"👿","1F47F","F0 9F 91 BF"},; 
"\ud83d\udc80" => {"💀","1F480","F0 9F 92 80"},; 
"\ud83d\udc81" => {"💁","1F481","F0 9F 92 81"},; 
"\ud83d\udc82" => {"💂","1F482","F0 9F 92 82"},; 
"\ud83d\udc83" => {"💃","1F483","F0 9F 92 83"},; 
"\ud83d\udc84" => {"💄","1F484","F0 9F 92 84"},; 
"\ud83d\udc85" => {"💅","1F485","F0 9F 92 85"},; 
"\ud83d\udc86" => {"💆","1F486","F0 9F 92 86"},; 
"\ud83d\udc87" => {"💇","1F487","F0 9F 92 87"},; 
"\ud83d\udc88" => {"💈","1F488","F0 9F 92 88"},; 
"\ud83d\udc89" => {"💉","1F489","F0 9F 92 89"},; 
"\ud83d\udc8a" => {"💊","1F48A","F0 9F 92 8A"},; 
"\ud83d\udc8b" => {"💋","1F48B","F0 9F 92 8B"},; 
"\ud83d\udc8c" => {"💌","1F48C","F0 9F 92 8C"},; 
"\ud83d\udc8d" => {"💍","1F48D","F0 9F 92 8D"},; 
"\ud83d\udc8e" => {"💎","1F48E","F0 9F 92 8E"},; 
"\ud83d\udc8f" => {"💏","1F48F","F0 9F 92 8F"},; 
"\ud83d\udc90" => {"💐","1F490","F0 9F 92 90"},; 
"\ud83d\udc91" => {"💑","1F491","F0 9F 92 91"},; 
"\ud83d\udc92" => {"💒","1F492","F0 9F 92 92"},; 
"\ud83d\udc93" => {"💓","1F493","F0 9F 92 93"},; 
"\ud83d\udc94" => {"💔","1F494","F0 9F 92 94"},; 
"\ud83d\udc95" => {"💕","1F495","F0 9F 92 95"},; 
"\ud83d\udc96" => {"💖","1F496","F0 9F 92 96"},; 
"\ud83d\udc97" => {"💗","1F497","F0 9F 92 97"},; 
"\ud83d\udc98" => {"💘","1F498","F0 9F 92 98"},; 
"\ud83d\udc99" => {"💙","1F499","F0 9F 92 99"},; 
"\ud83d\udc9a" => {"💚","1F49A","F0 9F 92 9A"},; 
"\ud83d\udc9b" => {"💛","1F49B","F0 9F 92 9B"},; 
"\ud83d\udc9c" => {"💜","1F49C","F0 9F 92 9C"},; 
"\ud83d\udc9d" => {"💝","1F49D","F0 9F 92 9D"},; 
"\ud83d\udc9e" => {"💞","1F49E","F0 9F 92 9E"},; 
"\ud83d\udc9f" => {"💟","1F49F","F0 9F 92 9F"},; 
"\ud83d\udca0" => {"💠","1F4A0","F0 9F 92 A0"},; 
"\ud83d\udca1" => {"💡","1F4A1","F0 9F 92 A1"},; 
"\ud83d\udca2" => {"💢","1F4A2","F0 9F 92 A2"},; 
"\ud83d\udca3" => {"💣","1F4A3","F0 9F 92 A3"},; 
"\ud83d\udca4" => {"💤","1F4A4","F0 9F 92 A4"},; 
"\ud83d\udca5" => {"💥","1F4A5","F0 9F 92 A5"},; 
"\ud83d\udca6" => {"💦","1F4A6","F0 9F 92 A6"},; 
"\ud83d\udca7" => {"💧","1F4A7","F0 9F 92 A7"},; 
"\ud83d\udca8" => {"💨","1F4A8","F0 9F 92 A8"},; 
"\ud83d\udca9" => {"💩","1F4A9","F0 9F 92 A9"},; 
"\ud83d\udcaa" => {"💪","1F4AA","F0 9F 92 AA"},; 
"\ud83d\udcab" => {"💫","1F4AB","F0 9F 92 AB"},; 
"\ud83d\udcac" => {"💬","1F4AC","F0 9F 92 AC"},; 
"\ud83d\udcad" => {"💭","1F4AD","F0 9F 92 AD"},; 
"\ud83d\udcae" => {"💮","1F4AE","F0 9F 92 AE"},; 
"\ud83d\udcaf" => {"💯","1F4AF","F0 9F 92 AF"},; 
"\ud83d\udcb0" => {"💰","1F4B0","F0 9F 92 B0"},; 
"\ud83d\udcb1" => {"💱","1F4B1","F0 9F 92 B1"},; 
"\ud83d\udcb2" => {"💲","1F4B2","F0 9F 92 B2"},; 
"\ud83d\udcb3" => {"💳","1F4B3","F0 9F 92 B3"},; 
"\ud83d\udcb4" => {"💴","1F4B4","F0 9F 92 B4"},; 
"\ud83d\udcb5" => {"💵","1F4B5","F0 9F 92 B5"},; 
"\ud83d\udcb6" => {"💶","1F4B6","F0 9F 92 B6"},; 
"\ud83d\udcb7" => {"💷","1F4B7","F0 9F 92 B7"},; 
"\ud83d\udcb8" => {"💸","1F4B8","F0 9F 92 B8"},; 
"\ud83d\udcb9" => {"💹","1F4B9","F0 9F 92 B9"},; 
"\ud83d\udcba" => {"💺","1F4BA","F0 9F 92 BA"},; 
"\ud83d\udcbb" => {"💻","1F4BB","F0 9F 92 BB"},; 
"\ud83d\udcbc" => {"💼","1F4BC","F0 9F 92 BC"},; 
"\ud83d\udcbd" => {"💽","1F4BD","F0 9F 92 BD"},; 
"\ud83d\udcbe" => {"💾","1F4BE","F0 9F 92 BE"},; 
"\ud83d\udcbf" => {"💿","1F4BF","F0 9F 92 BF"},; 
"\ud83d\udcc0" => {"📀","1F4C0","F0 9F 93 80"},; 
"\ud83d\udcc1" => {"📁","1F4C1","F0 9F 93 81"},; 
"\ud83d\udcc2" => {"📂","1F4C2","F0 9F 93 82"},; 
"\ud83d\udcc3" => {"📃","1F4C3","F0 9F 93 83"},; 
"\ud83d\udcc4" => {"📄","1F4C4","F0 9F 93 84"},; 
"\ud83d\udcc5" => {"📅","1F4C5","F0 9F 93 85"},; 
"\ud83d\udcc6" => {"📆","1F4C6","F0 9F 93 86"},; 
"\ud83d\udcc7" => {"📇","1F4C7","F0 9F 93 87"},; 
"\ud83d\udcc8" => {"📈","1F4C8","F0 9F 93 88"},; 
"\ud83d\udcc9" => {"📉","1F4C9","F0 9F 93 89"},; 
"\ud83d\udcca" => {"📊","1F4CA","F0 9F 93 8A"},; 
"\ud83d\udccb" => {"📋","1F4CB","F0 9F 93 8B"},; 
"\ud83d\udccc" => {"📌","1F4CC","F0 9F 93 8C"},; 
"\ud83d\udccd" => {"📍","1F4CD","F0 9F 93 8D"},; 
"\ud83d\udcce" => {"📎","1F4CE","F0 9F 93 8E"},; 
"\ud83d\udccf" => {"📏","1F4CF","F0 9F 93 8F"},; 
"\ud83d\udcd0" => {"📐","1F4D0","F0 9F 93 90"},; 
"\ud83d\udcd1" => {"📑","1F4D1","F0 9F 93 91"},; 
"\ud83d\udcd2" => {"📒","1F4D2","F0 9F 93 92"},; 
"\ud83d\udcd3" => {"📓","1F4D3","F0 9F 93 93"},; 
"\ud83d\udcd4" => {"📔","1F4D4","F0 9F 93 94"},; 
"\ud83d\udcd5" => {"📕","1F4D5","F0 9F 93 95"},; 
"\ud83d\udcd6" => {"📖","1F4D6","F0 9F 93 96"},; 
"\ud83d\udcd7" => {"📗","1F4D7","F0 9F 93 97"},; 
"\ud83d\udcd8" => {"📘","1F4D8","F0 9F 93 98"},; 
"\ud83d\udcd9" => {"📙","1F4D9","F0 9F 93 99"},; 
"\ud83d\udcda" => {"📚","1F4DA","F0 9F 93 9A"},; 
"\ud83d\udcdb" => {"📛","1F4DB","F0 9F 93 9B"},; 
"\ud83d\udcdc" => {"📜","1F4DC","F0 9F 93 9C"},; 
"\ud83d\udcdd" => {"📝","1F4DD","F0 9F 93 9D"},; 
"\ud83d\udcde" => {"📞","1F4DE","F0 9F 93 9E"},; 
"\ud83d\udcdf" => {"📟","1F4DF","F0 9F 93 9F"},; 
"\ud83d\udce0" => {"📠","1F4E0","F0 9F 93 A0"},; 
"\ud83d\udce1" => {"📡","1F4E1","F0 9F 93 A1"},; 
"\ud83d\udce2" => {"📢","1F4E2","F0 9F 93 A2"},; 
"\ud83d\udce3" => {"📣","1F4E3","F0 9F 93 A3"},; 
"\ud83d\udce4" => {"📤","1F4E4","F0 9F 93 A4"},; 
"\ud83d\udce5" => {"📥","1F4E5","F0 9F 93 A5"},; 
"\ud83d\udce6" => {"📦","1F4E6","F0 9F 93 A6"},; 
"\ud83d\udce7" => {"📧","1F4E7","F0 9F 93 A7"},; 
"\ud83d\udce8" => {"📨","1F4E8","F0 9F 93 A8"},; 
"\ud83d\udce9" => {"📩","1F4E9","F0 9F 93 A9"},; 
"\ud83d\udcea" => {"📪","1F4EA","F0 9F 93 AA"},; 
"\ud83d\udceb" => {"📫","1F4EB","F0 9F 93 AB"},; 
"\ud83d\udcec" => {"📬","1F4EC","F0 9F 93 AC"},; 
"\ud83d\udced" => {"📭","1F4ED","F0 9F 93 AD"},; 
"\ud83d\udcee" => {"📮","1F4EE","F0 9F 93 AE"},; 
"\ud83d\udcef" => {"📯","1F4EF","F0 9F 93 AF"},; 
"\ud83d\udcf0" => {"📰","1F4F0","F0 9F 93 B0"},; 
"\ud83d\udcf1" => {"📱","1F4F1","F0 9F 93 B1"},; 
"\ud83d\udcf2" => {"📲","1F4F2","F0 9F 93 B2"},; 
"\ud83d\udcf3" => {"📳","1F4F3","F0 9F 93 B3"},; 
"\ud83d\udcf4" => {"📴","1F4F4","F0 9F 93 B4"},; 
"\ud83d\udcf5" => {"📵","1F4F5","F0 9F 93 B5"},; 
"\ud83d\udcf6" => {"📶","1F4F6","F0 9F 93 B6"},; 
"\ud83d\udcf7" => {"📷","1F4F7","F0 9F 93 B7"},; 
"\ud83d\udcf8" => {"📸","1F4F8","F0 9F 93 B8"},; 
"\ud83d\udcf9" => {"📹","1F4F9","F0 9F 93 B9"},; 
"\ud83d\udcfa" => {"📺","1F4FA","F0 9F 93 BA"},; 
"\ud83d\udcfb" => {"📻","1F4FB","F0 9F 93 BB"},; 
"\ud83d\udcfc" => {"📼","1F4FC","F0 9F 93 BC"},; 
"\ud83d\udcfd" => {"📽","1F4FD","F0 9F 93 BD"},; 
"\ud83d\udcfe" => {"📾","1F4FE","F0 9F 93 BE"},; 
"\ud83d\udcff" => {"📿","1F4FF","F0 9F 93 BF"},; 
"\ud83d\udd00" => {"🔀","1F500","F0 9F 94 80"},; 
"\ud83d\udd01" => {"🔁","1F501","F0 9F 94 81"},; 
"\ud83d\udd02" => {"🔂","1F502","F0 9F 94 82"},; 
"\ud83d\udd03" => {"🔃","1F503","F0 9F 94 83"},; 
"\ud83d\udd04" => {"🔄","1F504","F0 9F 94 84"},; 
"\ud83d\udd05" => {"🔅","1F505","F0 9F 94 85"},; 
"\ud83d\udd06" => {"🔆","1F506","F0 9F 94 86"},; 
"\ud83d\udd07" => {"🔇","1F507","F0 9F 94 87"},; 
"\ud83d\udd08" => {"🔈","1F508","F0 9F 94 88"},; 
"\ud83d\udd09" => {"🔉","1F509","F0 9F 94 89"},; 
"\ud83d\udd0a" => {"🔊","1F50A","F0 9F 94 8A"},; 
"\ud83d\udd0b" => {"🔋","1F50B","F0 9F 94 8B"},; 
"\ud83d\udd0c" => {"🔌","1F50C","F0 9F 94 8C"},; 
"\ud83d\udd0d" => {"🔍","1F50D","F0 9F 94 8D"},; 
"\ud83d\udd0e" => {"🔎","1F50E","F0 9F 94 8E"},; 
"\ud83d\udd0f" => {"🔏","1F50F","F0 9F 94 8F"},; 
"\ud83d\udd10" => {"🔐","1F510","F0 9F 94 90"},; 
"\ud83d\udd11" => {"🔑","1F511","F0 9F 94 91"},; 
"\ud83d\udd12" => {"🔒","1F512","F0 9F 94 92"},; 
"\ud83d\udd13" => {"🔓","1F513","F0 9F 94 93"},; 
"\ud83d\udd14" => {"🔔","1F514","F0 9F 94 94"},; 
"\ud83d\udd15" => {"🔕","1F515","F0 9F 94 95"},; 
"\ud83d\udd16" => {"🔖","1F516","F0 9F 94 96"},; 
"\ud83d\udd17" => {"🔗","1F517","F0 9F 94 97"},; 
"\ud83d\udd18" => {"🔘","1F518","F0 9F 94 98"},; 
"\ud83d\udd19" => {"🔙","1F519","F0 9F 94 99"},; 
"\ud83d\udd1a" => {"🔚","1F51A","F0 9F 94 9A"},; 
"\ud83d\udd1b" => {"🔛","1F51B","F0 9F 94 9B"},; 
"\ud83d\udd1c" => {"🔜","1F51C","F0 9F 94 9C"},; 
"\ud83d\udd1d" => {"🔝","1F51D","F0 9F 94 9D"},; 
"\ud83d\udd1e" => {"🔞","1F51E","F0 9F 94 9E"},; 
"\ud83d\udd1f" => {"🔟","1F51F","F0 9F 94 9F"},; 
"\ud83d\udd20" => {"🔠","1F520","F0 9F 94 A0"},; 
"\ud83d\udd21" => {"🔡","1F521","F0 9F 94 A1"},; 
"\ud83d\udd22" => {"🔢","1F522","F0 9F 94 A2"},; 
"\ud83d\udd23" => {"🔣","1F523","F0 9F 94 A3"},; 
"\ud83d\udd24" => {"🔤","1F524","F0 9F 94 A4"},; 
"\ud83d\udd25" => {"🔥","1F525","F0 9F 94 A5"},; 
"\ud83d\udd26" => {"🔦","1F526","F0 9F 94 A6"},; 
"\ud83d\udd27" => {"🔧","1F527","F0 9F 94 A7"},; 
"\ud83d\udd28" => {"🔨","1F528","F0 9F 94 A8"},; 
"\ud83d\udd29" => {"🔩","1F529","F0 9F 94 A9"},; 
"\ud83d\udd2a" => {"🔪","1F52A","F0 9F 94 AA"},; 
"\ud83d\udd2b" => {"🔫","1F52B","F0 9F 94 AB"},; 
"\ud83d\udd2c" => {"🔬","1F52C","F0 9F 94 AC"},; 
"\ud83d\udd2d" => {"🔭","1F52D","F0 9F 94 AD"},; 
"\ud83d\udd2e" => {"🔮","1F52E","F0 9F 94 AE"},; 
"\ud83d\udd2f" => {"🔯","1F52F","F0 9F 94 AF"},; 
"\ud83d\udd30" => {"🔰","1F530","F0 9F 94 B0"},; 
"\ud83d\udd31" => {"🔱","1F531","F0 9F 94 B1"},; 
"\ud83d\udd32" => {"🔲","1F532","F0 9F 94 B2"},; 
"\ud83d\udd33" => {"🔳","1F533","F0 9F 94 B3"},; 
"\ud83d\udd34" => {"🔴","1F534","F0 9F 94 B4"},; 
"\ud83d\udd35" => {"🔵","1F535","F0 9F 94 B5"},; 
"\ud83d\udd36" => {"🔶","1F536","F0 9F 94 B6"},; 
"\ud83d\udd37" => {"🔷","1F537","F0 9F 94 B7"},; 
"\ud83d\udd38" => {"🔸","1F538","F0 9F 94 B8"},; 
"\ud83d\udd39" => {"🔹","1F539","F0 9F 94 B9"},; 
"\ud83d\udd3a" => {"🔺","1F53A","F0 9F 94 BA"},; 
"\ud83d\udd3b" => {"🔻","1F53B","F0 9F 94 BB"},; 
"\ud83d\udd3c" => {"🔼","1F53C","F0 9F 94 BC"},; 
"\ud83d\udd3d" => {"🔽","1F53D","F0 9F 94 BD"},; 
"\ud83d\udd3e" => {"🔾","1F53E","F0 9F 94 BE"},; 
"\ud83d\udd3f" => {"🔿","1F53F","F0 9F 94 BF"},; 
"\ud83d\udd40" => {"🕀","1F540","F0 9F 95 80"},; 
"\ud83d\udd41" => {"🕁","1F541","F0 9F 95 81"},; 
"\ud83d\udd42" => {"🕂","1F542","F0 9F 95 82"},; 
"\ud83d\udd43" => {"🕃","1F543","F0 9F 95 83"},; 
"\ud83d\udd44" => {"🕄","1F544","F0 9F 95 84"},; 
"\ud83d\udd45" => {"🕅","1F545","F0 9F 95 85"},; 
"\ud83d\udd46" => {"🕆","1F546","F0 9F 95 86"},; 
"\ud83d\udd47" => {"🕇","1F547","F0 9F 95 87"},; 
"\ud83d\udd48" => {"🕈","1F548","F0 9F 95 88"},; 
"\ud83d\udd49" => {"🕉","1F549","F0 9F 95 89"},; 
"\ud83d\udd4a" => {"🕊","1F54A","F0 9F 95 8A"},; 
"\ud83d\udd4b" => {"🕋","1F54B","F0 9F 95 8B"},; 
"\ud83d\udd4c" => {"🕌","1F54C","F0 9F 95 8C"},; 
"\ud83d\udd4d" => {"🕍","1F54D","F0 9F 95 8D"},; 
"\ud83d\udd4e" => {"🕎","1F54E","F0 9F 95 8E"},; 
"\ud83d\udd4f" => {"🕏","1F54F","F0 9F 95 8F"},; 
"\ud83d\udd50" => {"🕐","1F550","F0 9F 95 90"},; 
"\ud83d\udd51" => {"🕑","1F551","F0 9F 95 91"},; 
"\ud83d\udd52" => {"🕒","1F552","F0 9F 95 92"},; 
"\ud83d\udd53" => {"🕓","1F553","F0 9F 95 93"},; 
"\ud83d\udd54" => {"🕔","1F554","F0 9F 95 94"},; 
"\ud83d\udd55" => {"🕕","1F555","F0 9F 95 95"},; 
"\ud83d\udd56" => {"🕖","1F556","F0 9F 95 96"},; 
"\ud83d\udd57" => {"🕗","1F557","F0 9F 95 97"},; 
"\ud83d\udd58" => {"🕘","1F558","F0 9F 95 98"},; 
"\ud83d\udd59" => {"🕙","1F559","F0 9F 95 99"},; 
"\ud83d\udd5a" => {"🕚","1F55A","F0 9F 95 9A"},; 
"\ud83d\udd5b" => {"🕛","1F55B","F0 9F 95 9B"},; 
"\ud83d\udd5c" => {"🕜","1F55C","F0 9F 95 9C"},; 
"\ud83d\udd5d" => {"🕝","1F55D","F0 9F 95 9D"},; 
"\ud83d\udd5e" => {"🕞","1F55E","F0 9F 95 9E"},; 
"\ud83d\udd5f" => {"🕟","1F55F","F0 9F 95 9F"},; 
"\ud83d\udd60" => {"🕠","1F560","F0 9F 95 A0"},; 
"\ud83d\udd61" => {"🕡","1F561","F0 9F 95 A1"},; 
"\ud83d\udd62" => {"🕢","1F562","F0 9F 95 A2"},; 
"\ud83d\udd63" => {"🕣","1F563","F0 9F 95 A3"},; 
"\ud83d\udd64" => {"🕤","1F564","F0 9F 95 A4"},; 
"\ud83d\udd65" => {"🕥","1F565","F0 9F 95 A5"},; 
"\ud83d\udd66" => {"🕦","1F566","F0 9F 95 A6"},; 
"\ud83d\udd67" => {"🕧","1F567","F0 9F 95 A7"},; 
"\ud83d\udd68" => {"🕨","1F568","F0 9F 95 A8"},; 
"\ud83d\udd69" => {"🕩","1F569","F0 9F 95 A9"},; 
"\ud83d\udd6a" => {"🕪","1F56A","F0 9F 95 AA"},; 
"\ud83d\udd6b" => {"🕫","1F56B","F0 9F 95 AB"},; 
"\ud83d\udd6c" => {"🕬","1F56C","F0 9F 95 AC"},; 
"\ud83d\udd6d" => {"🕭","1F56D","F0 9F 95 AD"},; 
"\ud83d\udd6e" => {"🕮","1F56E","F0 9F 95 AE"},; 
"\ud83d\udd6f" => {"🕯","1F56F","F0 9F 95 AF"},; 
"\ud83d\udd70" => {"🕰","1F570","F0 9F 95 B0"},; 
"\ud83d\udd71" => {"🕱","1F571","F0 9F 95 B1"},; 
"\ud83d\udd72" => {"🕲","1F572","F0 9F 95 B2"},; 
"\ud83d\udd73" => {"🕳","1F573","F0 9F 95 B3"},; 
"\ud83d\udd74" => {"🕴","1F574","F0 9F 95 B4"},; 
"\ud83d\udd75" => {"🕵","1F575","F0 9F 95 B5"},; 
"\ud83d\udd76" => {"🕶","1F576","F0 9F 95 B6"},; 
"\ud83d\udd77" => {"🕷","1F577","F0 9F 95 B7"},; 
"\ud83d\udd78" => {"🕸","1F578","F0 9F 95 B8"},; 
"\ud83d\udd79" => {"🕹","1F579","F0 9F 95 B9"},; 
"\ud83d\udd7a" => {"🕺","1F57A","F0 9F 95 BA"},; 
"\ud83d\udd7b" => {"🕻","1F57B","F0 9F 95 BB"},; 
"\ud83d\udd7c" => {"🕼","1F57C","F0 9F 95 BC"},; 
"\ud83d\udd7d" => {"🕽","1F57D","F0 9F 95 BD"},; 
"\ud83d\udd7e" => {"🕾","1F57E","F0 9F 95 BE"},; 
"\ud83d\udd7f" => {"🕿","1F57F","F0 9F 95 BF"},; 
"\ud83d\udd80" => {"🖀","1F580","F0 9F 96 80"},; 
"\ud83d\udd81" => {"🖁","1F581","F0 9F 96 81"},; 
"\ud83d\udd82" => {"🖂","1F582","F0 9F 96 82"},; 
"\ud83d\udd83" => {"🖃","1F583","F0 9F 96 83"},; 
"\ud83d\udd84" => {"🖄","1F584","F0 9F 96 84"},; 
"\ud83d\udd85" => {"🖅","1F585","F0 9F 96 85"},; 
"\ud83d\udd86" => {"🖆","1F586","F0 9F 96 86"},; 
"\ud83d\udd87" => {"🖇","1F587","F0 9F 96 87"},; 
"\ud83d\udd88" => {"🖈","1F588","F0 9F 96 88"},; 
"\ud83d\udd89" => {"🖉","1F589","F0 9F 96 89"},; 
"\ud83d\udd8a" => {"🖊","1F58A","F0 9F 96 8A"},; 
"\ud83d\udd8b" => {"🖋","1F58B","F0 9F 96 8B"},; 
"\ud83d\udd8c" => {"🖌","1F58C","F0 9F 96 8C"},; 
"\ud83d\udd8d" => {"🖍","1F58D","F0 9F 96 8D"},; 
"\ud83d\udd8e" => {"🖎","1F58E","F0 9F 96 8E"},; 
"\ud83d\udd8f" => {"🖏","1F58F","F0 9F 96 8F"},; 
"\ud83d\udd90" => {"🖐","1F590","F0 9F 96 90"},; 
"\ud83d\udd91" => {"🖑","1F591","F0 9F 96 91"},; 
"\ud83d\udd92" => {"🖒","1F592","F0 9F 96 92"},; 
"\ud83d\udd93" => {"🖓","1F593","F0 9F 96 93"},; 
"\ud83d\udd94" => {"🖔","1F594","F0 9F 96 94"},; 
"\ud83d\udd95" => {"🖕","1F595","F0 9F 96 95"},; 
"\ud83d\udd96" => {"🖖","1F596","F0 9F 96 96"},; 
"\ud83d\udd97" => {"🖗","1F597","F0 9F 96 97"},; 
"\ud83d\udd98" => {"🖘","1F598","F0 9F 96 98"},; 
"\ud83d\udd99" => {"🖙","1F599","F0 9F 96 99"},; 
"\ud83d\udd9a" => {"🖚","1F59A","F0 9F 96 9A"},; 
"\ud83d\udd9b" => {"🖛","1F59B","F0 9F 96 9B"},; 
"\ud83d\udd9c" => {"🖜","1F59C","F0 9F 96 9C"},; 
"\ud83d\udd9d" => {"🖝","1F59D","F0 9F 96 9D"},; 
"\ud83d\udd9e" => {"🖞","1F59E","F0 9F 96 9E"},; 
"\ud83d\udd9f" => {"🖟","1F59F","F0 9F 96 9F"},; 
"\ud83d\udda0" => {"🖠","1F5A0","F0 9F 96 A0"},; 
"\ud83d\udda1" => {"🖡","1F5A1","F0 9F 96 A1"},; 
"\ud83d\udda2" => {"🖢","1F5A2","F0 9F 96 A2"},; 
"\ud83d\udda3" => {"🖣","1F5A3","F0 9F 96 A3"},; 
"\ud83d\udda4" => {"🖤","1F5A4","F0 9F 96 A4"},; 
"\ud83d\udda5" => {"🖥","1F5A5","F0 9F 96 A5"},; 
"\ud83d\udda6" => {"🖦","1F5A6","F0 9F 96 A6"},; 
"\ud83d\udda7" => {"🖧","1F5A7","F0 9F 96 A7"},; 
"\ud83d\udda8" => {"🖨","1F5A8","F0 9F 96 A8"},; 
"\ud83d\udda9" => {"🖩","1F5A9","F0 9F 96 A9"},; 
"\ud83d\uddaa" => {"🖪","1F5AA","F0 9F 96 AA"},; 
"\ud83d\uddab" => {"🖫","1F5AB","F0 9F 96 AB"},; 
"\ud83d\uddac" => {"🖬","1F5AC","F0 9F 96 AC"},; 
"\ud83d\uddad" => {"🖭","1F5AD","F0 9F 96 AD"},; 
"\ud83d\uddae" => {"🖮","1F5AE","F0 9F 96 AE"},; 
"\ud83d\uddaf" => {"🖯","1F5AF","F0 9F 96 AF"},; 
"\ud83d\uddb0" => {"🖰","1F5B0","F0 9F 96 B0"},; 
"\ud83d\uddb1" => {"🖱","1F5B1","F0 9F 96 B1"},; 
"\ud83d\uddb2" => {"🖲","1F5B2","F0 9F 96 B2"},; 
"\ud83d\uddb3" => {"🖳","1F5B3","F0 9F 96 B3"},; 
"\ud83d\uddb4" => {"🖴","1F5B4","F0 9F 96 B4"},; 
"\ud83d\uddb5" => {"🖵","1F5B5","F0 9F 96 B5"},; 
"\ud83d\uddb6" => {"🖶","1F5B6","F0 9F 96 B6"},; 
"\ud83d\uddb7" => {"🖷","1F5B7","F0 9F 96 B7"},; 
"\ud83d\uddb8" => {"🖸","1F5B8","F0 9F 96 B8"},; 
"\ud83d\uddb9" => {"🖹","1F5B9","F0 9F 96 B9"},; 
"\ud83d\uddba" => {"🖺","1F5BA","F0 9F 96 BA"},; 
"\ud83d\uddbb" => {"🖻","1F5BB","F0 9F 96 BB"},; 
"\ud83d\uddbc" => {"🖼","1F5BC","F0 9F 96 BC"},; 
"\ud83d\uddbd" => {"🖽","1F5BD","F0 9F 96 BD"},; 
"\ud83d\uddbe" => {"🖾","1F5BE","F0 9F 96 BE"},; 
"\ud83d\uddbf" => {"🖿","1F5BF","F0 9F 96 BF"},; 
"\ud83d\uddc0" => {"🗀","1F5C0","F0 9F 97 80"},; 
"\ud83d\uddc1" => {"🗁","1F5C1","F0 9F 97 81"},; 
"\ud83d\uddc2" => {"🗂","1F5C2","F0 9F 97 82"},; 
"\ud83d\uddc3" => {"🗃","1F5C3","F0 9F 97 83"},; 
"\ud83d\uddc4" => {"🗄","1F5C4","F0 9F 97 84"},; 
"\ud83d\uddc5" => {"🗅","1F5C5","F0 9F 97 85"},; 
"\ud83d\uddc6" => {"🗆","1F5C6","F0 9F 97 86"},; 
"\ud83d\uddc7" => {"🗇","1F5C7","F0 9F 97 87"},; 
"\ud83d\uddc8" => {"🗈","1F5C8","F0 9F 97 88"},; 
"\ud83d\uddc9" => {"🗉","1F5C9","F0 9F 97 89"},; 
"\ud83d\uddca" => {"🗊","1F5CA","F0 9F 97 8A"},; 
"\ud83d\uddcb" => {"🗋","1F5CB","F0 9F 97 8B"},; 
"\ud83d\uddcc" => {"🗌","1F5CC","F0 9F 97 8C"},; 
"\ud83d\uddcd" => {"🗍","1F5CD","F0 9F 97 8D"},; 
"\ud83d\uddce" => {"🗎","1F5CE","F0 9F 97 8E"},; 
"\ud83d\uddcf" => {"🗏","1F5CF","F0 9F 97 8F"},; 
"\ud83d\uddd0" => {"🗐","1F5D0","F0 9F 97 90"},; 
"\ud83d\uddd1" => {"🗑","1F5D1","F0 9F 97 91"},; 
"\ud83d\uddd2" => {"🗒","1F5D2","F0 9F 97 92"},; 
"\ud83d\uddd3" => {"🗓","1F5D3","F0 9F 97 93"},; 
"\ud83d\uddd4" => {"🗔","1F5D4","F0 9F 97 94"},; 
"\ud83d\uddd5" => {"🗕","1F5D5","F0 9F 97 95"},; 
"\ud83d\uddd6" => {"🗖","1F5D6","F0 9F 97 96"},; 
"\ud83d\uddd7" => {"🗗","1F5D7","F0 9F 97 97"},; 
"\ud83d\uddd8" => {"🗘","1F5D8","F0 9F 97 98"},; 
"\ud83d\uddd9" => {"🗙","1F5D9","F0 9F 97 99"},; 
"\ud83d\uddda" => {"🗚","1F5DA","F0 9F 97 9A"},; 
"\ud83d\udddb" => {"🗛","1F5DB","F0 9F 97 9B"},; 
"\ud83d\udddc" => {"🗜","1F5DC","F0 9F 97 9C"},; 
"\ud83d\udddd" => {"🗝","1F5DD","F0 9F 97 9D"},; 
"\ud83d\uddde" => {"🗞","1F5DE","F0 9F 97 9E"},; 
"\ud83d\udddf" => {"🗟","1F5DF","F0 9F 97 9F"},; 
"\ud83d\udde0" => {"🗠","1F5E0","F0 9F 97 A0"},; 
"\ud83d\udde1" => {"🗡","1F5E1","F0 9F 97 A1"},; 
"\ud83d\udde2" => {"🗢","1F5E2","F0 9F 97 A2"},; 
"\ud83d\udde3" => {"🗣","1F5E3","F0 9F 97 A3"},; 
"\ud83d\udde4" => {"🗤","1F5E4","F0 9F 97 A4"},; 
"\ud83d\udde5" => {"🗥","1F5E5","F0 9F 97 A5"},; 
"\ud83d\udde6" => {"🗦","1F5E6","F0 9F 97 A6"},; 
"\ud83d\udde7" => {"🗧","1F5E7","F0 9F 97 A7"},; 
"\ud83d\udde8" => {"🗨","1F5E8","F0 9F 97 A8"},; 
"\ud83d\udde9" => {"🗩","1F5E9","F0 9F 97 A9"},; 
"\ud83d\uddea" => {"🗪","1F5EA","F0 9F 97 AA"},; 
"\ud83d\uddeb" => {"🗫","1F5EB","F0 9F 97 AB"},; 
"\ud83d\uddec" => {"🗬","1F5EC","F0 9F 97 AC"},; 
"\ud83d\udded" => {"🗭","1F5ED","F0 9F 97 AD"},; 
"\ud83d\uddee" => {"🗮","1F5EE","F0 9F 97 AE"},; 
"\ud83d\uddef" => {"🗯","1F5EF","F0 9F 97 AF"},; 
"\ud83d\uddf0" => {"🗰","1F5F0","F0 9F 97 B0"},; 
"\ud83d\uddf1" => {"🗱","1F5F1","F0 9F 97 B1"},; 
"\ud83d\uddf2" => {"🗲","1F5F2","F0 9F 97 B2"},; 
"\ud83d\uddf3" => {"🗳","1F5F3","F0 9F 97 B3"},; 
"\ud83d\uddf4" => {"🗴","1F5F4","F0 9F 97 B4"},; 
"\ud83d\uddf5" => {"🗵","1F5F5","F0 9F 97 B5"},; 
"\ud83d\uddf6" => {"🗶","1F5F6","F0 9F 97 B6"},; 
"\ud83d\uddf7" => {"🗷","1F5F7","F0 9F 97 B7"},; 
"\ud83d\uddf8" => {"🗸","1F5F8","F0 9F 97 B8"},; 
"\ud83d\uddf9" => {"🗹","1F5F9","F0 9F 97 B9"},; 
"\ud83d\uddfa" => {"🗺","1F5FA","F0 9F 97 BA"},; 
"\ud83d\uddfb" => {"🗻","1F5FB","F0 9F 97 BB"},; 
"\ud83d\uddfc" => {"🗼","1F5FC","F0 9F 97 BC"},; 
"\ud83d\uddfd" => {"🗽","1F5FD","F0 9F 97 BD"},; 
"\ud83d\uddfe" => {"🗾","1F5FE","F0 9F 97 BE"},; 
"\ud83d\uddff" => {"🗿","1F5FF","F0 9F 97 BF"},; 
"\ud83d\ude00" => {"😀","1F600","F0 9F 98 80"},; 
"\ud83d\ude01" => {"😁","1F601","F0 9F 98 81"},; 
"\ud83d\ude02" => {"😂","1F602","F0 9F 98 82"},; 
"\ud83d\ude03" => {"😃","1F603","F0 9F 98 83"},; 
"\ud83d\ude04" => {"😄","1F604","F0 9F 98 84"},; 
"\ud83d\ude05" => {"😅","1F605","F0 9F 98 85"},; 
"\ud83d\ude06" => {"😆","1F606","F0 9F 98 86"},; 
"\ud83d\ude07" => {"😇","1F607","F0 9F 98 87"},; 
"\ud83d\ude08" => {"😈","1F608","F0 9F 98 88"},; 
"\ud83d\ude09" => {"😉","1F609","F0 9F 98 89"},; 
"\ud83d\ude0a" => {"😊","1F60A","F0 9F 98 8A"},; 
"\ud83d\ude0b" => {"😋","1F60B","F0 9F 98 8B"},; 
"\ud83d\ude0c" => {"😌","1F60C","F0 9F 98 8C"},; 
"\ud83d\ude0d" => {"😍","1F60D","F0 9F 98 8D"},; 
"\ud83d\ude0e" => {"😎","1F60E","F0 9F 98 8E"},; 
"\ud83d\ude0f" => {"😏","1F60F","F0 9F 98 8F"},; 
"\ud83d\ude10" => {"😐","1F610","F0 9F 98 90"},; 
"\ud83d\ude11" => {"😑","1F611","F0 9F 98 91"},; 
"\ud83d\ude12" => {"😒","1F612","F0 9F 98 92"},; 
"\ud83d\ude13" => {"😓","1F613","F0 9F 98 93"},; 
"\ud83d\ude14" => {"😔","1F614","F0 9F 98 94"},; 
"\ud83d\ude15" => {"😕","1F615","F0 9F 98 95"},; 
"\ud83d\ude16" => {"😖","1F616","F0 9F 98 96"},; 
"\ud83d\ude17" => {"😗","1F617","F0 9F 98 97"},; 
"\ud83d\ude18" => {"😘","1F618","F0 9F 98 98"},; 
"\ud83d\ude19" => {"😙","1F619","F0 9F 98 99"},; 
"\ud83d\ude1a" => {"😚","1F61A","F0 9F 98 9A"},; 
"\ud83d\ude1b" => {"😛","1F61B","F0 9F 98 9B"},; 
"\ud83d\ude1c" => {"😜","1F61C","F0 9F 98 9C"},; 
"\ud83d\ude1d" => {"😝","1F61D","F0 9F 98 9D"},; 
"\ud83d\ude1e" => {"😞","1F61E","F0 9F 98 9E"},; 
"\ud83d\ude1f" => {"😟","1F61F","F0 9F 98 9F"},; 
"\ud83d\ude20" => {"😠","1F620","F0 9F 98 A0"},; 
"\ud83d\ude21" => {"😡","1F621","F0 9F 98 A1"},; 
"\ud83d\ude22" => {"😢","1F622","F0 9F 98 A2"},; 
"\ud83d\ude23" => {"😣","1F623","F0 9F 98 A3"},; 
"\ud83d\ude24" => {"😤","1F624","F0 9F 98 A4"},; 
"\ud83d\ude25" => {"😥","1F625","F0 9F 98 A5"},; 
"\ud83d\ude26" => {"😦","1F626","F0 9F 98 A6"},; 
"\ud83d\ude27" => {"😧","1F627","F0 9F 98 A7"},; 
"\ud83d\ude28" => {"😨","1F628","F0 9F 98 A8"},; 
"\ud83d\ude29" => {"😩","1F629","F0 9F 98 A9"},; 
"\ud83d\ude2a" => {"😪","1F62A","F0 9F 98 AA"},; 
"\ud83d\ude2b" => {"😫","1F62B","F0 9F 98 AB"},; 
"\ud83d\ude2c" => {"😬","1F62C","F0 9F 98 AC"},; 
"\ud83d\ude2d" => {"😭","1F62D","F0 9F 98 AD"},; 
"\ud83d\ude2e" => {"😮","1F62E","F0 9F 98 AE"},; 
"\ud83d\ude2f" => {"😯","1F62F","F0 9F 98 AF"},; 
"\ud83d\ude30" => {"😰","1F630","F0 9F 98 B0"},; 
"\ud83d\ude31" => {"😱","1F631","F0 9F 98 B1"},; 
"\ud83d\ude32" => {"😲","1F632","F0 9F 98 B2"},; 
"\ud83d\ude33" => {"😳","1F633","F0 9F 98 B3"},; 
"\ud83d\ude34" => {"😴","1F634","F0 9F 98 B4"},; 
"\ud83d\ude35" => {"😵","1F635","F0 9F 98 B5"},; 
"\ud83d\ude36" => {"😶","1F636","F0 9F 98 B6"},; 
"\ud83d\ude37" => {"😷","1F637","F0 9F 98 B7"},; 
"\ud83d\ude38" => {"😸","1F638","F0 9F 98 B8"},; 
"\ud83d\ude39" => {"😹","1F639","F0 9F 98 B9"},; 
"\ud83d\ude3a" => {"😺","1F63A","F0 9F 98 BA"},; 
"\ud83d\ude3b" => {"😻","1F63B","F0 9F 98 BB"},; 
"\ud83d\ude3c" => {"😼","1F63C","F0 9F 98 BC"},; 
"\ud83d\ude3d" => {"😽","1F63D","F0 9F 98 BD"},; 
"\ud83d\ude3e" => {"😾","1F63E","F0 9F 98 BE"},; 
"\ud83d\ude3f" => {"😿","1F63F","F0 9F 98 BF"},; 
"\ud83d\ude40" => {"🙀","1F640","F0 9F 99 80"},; 
"\ud83d\ude41" => {"🙁","1F641","F0 9F 99 81"},; 
"\ud83d\ude42" => {"🙂","1F642","F0 9F 99 82"},; 
"\ud83d\ude43" => {"🙃","1F643","F0 9F 99 83"},; 
"\ud83d\ude44" => {"🙄","1F644","F0 9F 99 84"},; 
"\ud83d\ude45" => {"🙅","1F645","F0 9F 99 85"},; 
"\ud83d\ude46" => {"🙆","1F646","F0 9F 99 86"},; 
"\ud83d\ude47" => {"🙇","1F647","F0 9F 99 87"},; 
"\ud83d\ude48" => {"🙈","1F648","F0 9F 99 88"},; 
"\ud83d\ude49" => {"🙉","1F649","F0 9F 99 89"},; 
"\ud83d\ude4a" => {"🙊","1F64A","F0 9F 99 8A"},; 
"\ud83d\ude4b" => {"🙋","1F64B","F0 9F 99 8B"},; 
"\ud83d\ude4c" => {"🙌","1F64C","F0 9F 99 8C"},; 
"\ud83d\ude4d" => {"🙍","1F64D","F0 9F 99 8D"},; 
"\ud83d\ude4e" => {"🙎","1F64E","F0 9F 99 8E"},; 
"\ud83d\ude4f" => {"🙏","1F64F","F0 9F 99 8F"},; 
"\ud83d\ude50" => {"🙐","1F650","F0 9F 99 90"},; 
"\ud83d\ude51" => {"🙑","1F651","F0 9F 99 91"},; 
"\ud83d\ude52" => {"🙒","1F652","F0 9F 99 92"},; 
"\ud83d\ude53" => {"🙓","1F653","F0 9F 99 93"},; 
"\ud83d\ude54" => {"🙔","1F654","F0 9F 99 94"},; 
"\ud83d\ude55" => {"🙕","1F655","F0 9F 99 95"},; 
"\ud83d\ude56" => {"🙖","1F656","F0 9F 99 96"},; 
"\ud83d\ude57" => {"🙗","1F657","F0 9F 99 97"},; 
"\ud83d\ude58" => {"🙘","1F658","F0 9F 99 98"},; 
"\ud83d\ude59" => {"🙙","1F659","F0 9F 99 99"},; 
"\ud83d\ude5a" => {"🙚","1F65A","F0 9F 99 9A"},; 
"\ud83d\ude5b" => {"🙛","1F65B","F0 9F 99 9B"},; 
"\ud83d\ude5c" => {"🙜","1F65C","F0 9F 99 9C"},; 
"\ud83d\ude5d" => {"🙝","1F65D","F0 9F 99 9D"},; 
"\ud83d\ude5e" => {"🙞","1F65E","F0 9F 99 9E"},; 
"\ud83d\ude5f" => {"🙟","1F65F","F0 9F 99 9F"},; 
"\ud83d\ude60" => {"🙠","1F660","F0 9F 99 A0"},; 
"\ud83d\ude61" => {"🙡","1F661","F0 9F 99 A1"},; 
"\ud83d\ude62" => {"🙢","1F662","F0 9F 99 A2"},; 
"\ud83d\ude63" => {"🙣","1F663","F0 9F 99 A3"},; 
"\ud83d\ude64" => {"🙤","1F664","F0 9F 99 A4"},; 
"\ud83d\ude65" => {"🙥","1F665","F0 9F 99 A5"},; 
"\ud83d\ude66" => {"🙦","1F666","F0 9F 99 A6"},; 
"\ud83d\ude67" => {"🙧","1F667","F0 9F 99 A7"},; 
"\ud83d\ude68" => {"🙨","1F668","F0 9F 99 A8"},; 
"\ud83d\ude69" => {"🙩","1F669","F0 9F 99 A9"},; 
"\ud83d\ude6a" => {"🙪","1F66A","F0 9F 99 AA"},; 
"\ud83d\ude6b" => {"🙫","1F66B","F0 9F 99 AB"},; 
"\ud83d\ude6c" => {"🙬","1F66C","F0 9F 99 AC"},; 
"\ud83d\ude6d" => {"🙭","1F66D","F0 9F 99 AD"},; 
"\ud83d\ude6e" => {"🙮","1F66E","F0 9F 99 AE"},; 
"\ud83d\ude6f" => {"🙯","1F66F","F0 9F 99 AF"},; 
"\ud83d\ude70" => {"🙰","1F670","F0 9F 99 B0"},; 
"\ud83d\ude71" => {"🙱","1F671","F0 9F 99 B1"},; 
"\ud83d\ude72" => {"🙲","1F672","F0 9F 99 B2"},; 
"\ud83d\ude73" => {"🙳","1F673","F0 9F 99 B3"},; 
"\ud83d\ude74" => {"🙴","1F674","F0 9F 99 B4"},; 
"\ud83d\ude75" => {"🙵","1F675","F0 9F 99 B5"},; 
"\ud83d\ude76" => {"🙶","1F676","F0 9F 99 B6"},; 
"\ud83d\ude77" => {"🙷","1F677","F0 9F 99 B7"},; 
"\ud83d\ude78" => {"🙸","1F678","F0 9F 99 B8"},; 
"\ud83d\ude79" => {"🙹","1F679","F0 9F 99 B9"},; 
"\ud83d\ude7a" => {"🙺","1F67A","F0 9F 99 BA"},; 
"\ud83d\ude7b" => {"🙻","1F67B","F0 9F 99 BB"},; 
"\ud83d\ude7c" => {"🙼","1F67C","F0 9F 99 BC"},; 
"\ud83d\ude7d" => {"🙽","1F67D","F0 9F 99 BD"},; 
"\ud83d\ude7e" => {"🙾","1F67E","F0 9F 99 BE"},; 
"\ud83d\ude7f" => {"🙿","1F67F","F0 9F 99 BF"},; 
"\ud83d\ude80" => {"🚀","1F680","F0 9F 9A 80"},; 
"\ud83d\ude81" => {"🚁","1F681","F0 9F 9A 81"},; 
"\ud83d\ude82" => {"🚂","1F682","F0 9F 9A 82"},; 
"\ud83d\ude83" => {"🚃","1F683","F0 9F 9A 83"},; 
"\ud83d\ude84" => {"🚄","1F684","F0 9F 9A 84"},; 
"\ud83d\ude85" => {"🚅","1F685","F0 9F 9A 85"},; 
"\ud83d\ude86" => {"🚆","1F686","F0 9F 9A 86"},; 
"\ud83d\ude87" => {"🚇","1F687","F0 9F 9A 87"},; 
"\ud83d\ude88" => {"🚈","1F688","F0 9F 9A 88"},; 
"\ud83d\ude89" => {"🚉","1F689","F0 9F 9A 89"},; 
"\ud83d\ude8a" => {"🚊","1F68A","F0 9F 9A 8A"},; 
"\ud83d\ude8b" => {"🚋","1F68B","F0 9F 9A 8B"},; 
"\ud83d\ude8c" => {"🚌","1F68C","F0 9F 9A 8C"},; 
"\ud83d\ude8d" => {"🚍","1F68D","F0 9F 9A 8D"},; 
"\ud83d\ude8e" => {"🚎","1F68E","F0 9F 9A 8E"},; 
"\ud83d\ude8f" => {"🚏","1F68F","F0 9F 9A 8F"},; 
"\ud83d\ude90" => {"🚐","1F690","F0 9F 9A 90"},; 
"\ud83d\ude91" => {"🚑","1F691","F0 9F 9A 91"},; 
"\ud83d\ude92" => {"🚒","1F692","F0 9F 9A 92"},; 
"\ud83d\ude93" => {"🚓","1F693","F0 9F 9A 93"},; 
"\ud83d\ude94" => {"🚔","1F694","F0 9F 9A 94"},; 
"\ud83d\ude95" => {"🚕","1F695","F0 9F 9A 95"},; 
"\ud83d\ude96" => {"🚖","1F696","F0 9F 9A 96"},; 
"\ud83d\ude97" => {"🚗","1F697","F0 9F 9A 97"},; 
"\ud83d\ude98" => {"🚘","1F698","F0 9F 9A 98"},; 
"\ud83d\ude99" => {"🚙","1F699","F0 9F 9A 99"},; 
"\ud83d\ude9a" => {"🚚","1F69A","F0 9F 9A 9A"},; 
"\ud83d\ude9b" => {"🚛","1F69B","F0 9F 9A 9B"},; 
"\ud83d\ude9c" => {"🚜","1F69C","F0 9F 9A 9C"},; 
"\ud83d\ude9d" => {"🚝","1F69D","F0 9F 9A 9D"},; 
"\ud83d\ude9e" => {"🚞","1F69E","F0 9F 9A 9E"},; 
"\ud83d\ude9f" => {"🚟","1F69F","F0 9F 9A 9F"},; 
"\ud83d\udea0" => {"🚠","1F6A0","F0 9F 9A A0"},; 
"\ud83d\udea1" => {"🚡","1F6A1","F0 9F 9A A1"},; 
"\ud83d\udea2" => {"🚢","1F6A2","F0 9F 9A A2"},; 
"\ud83d\udea3" => {"🚣","1F6A3","F0 9F 9A A3"},; 
"\ud83d\udea4" => {"🚤","1F6A4","F0 9F 9A A4"},; 
"\ud83d\udea5" => {"🚥","1F6A5","F0 9F 9A A5"},; 
"\ud83d\udea6" => {"🚦","1F6A6","F0 9F 9A A6"},; 
"\ud83d\udea7" => {"🚧","1F6A7","F0 9F 9A A7"},; 
"\ud83d\udea8" => {"🚨","1F6A8","F0 9F 9A A8"},; 
"\ud83d\udea9" => {"🚩","1F6A9","F0 9F 9A A9"},; 
"\ud83d\udeaa" => {"🚪","1F6AA","F0 9F 9A AA"},; 
"\ud83d\udeab" => {"🚫","1F6AB","F0 9F 9A AB"},; 
"\ud83d\udeac" => {"🚬","1F6AC","F0 9F 9A AC"},; 
"\ud83d\udead" => {"🚭","1F6AD","F0 9F 9A AD"},; 
"\ud83d\udeae" => {"🚮","1F6AE","F0 9F 9A AE"},; 
"\ud83d\udeaf" => {"🚯","1F6AF","F0 9F 9A AF"},; 
"\ud83d\udeb0" => {"🚰","1F6B0","F0 9F 9A B0"},; 
"\ud83d\udeb1" => {"🚱","1F6B1","F0 9F 9A B1"},; 
"\ud83d\udeb2" => {"🚲","1F6B2","F0 9F 9A B2"},; 
"\ud83d\udeb3" => {"🚳","1F6B3","F0 9F 9A B3"},; 
"\ud83d\udeb4" => {"🚴","1F6B4","F0 9F 9A B4"},; 
"\ud83d\udeb5" => {"🚵","1F6B5","F0 9F 9A B5"},; 
"\ud83d\udeb6" => {"🚶","1F6B6","F0 9F 9A B6"},; 
"\ud83d\udeb7" => {"🚷","1F6B7","F0 9F 9A B7"},; 
"\ud83d\udeb8" => {"🚸","1F6B8","F0 9F 9A B8"},; 
"\ud83d\udeb9" => {"🚹","1F6B9","F0 9F 9A B9"},; 
"\ud83d\udeba" => {"🚺","1F6BA","F0 9F 9A BA"},; 
"\ud83d\udebb" => {"🚻","1F6BB","F0 9F 9A BB"},; 
"\ud83d\udebc" => {"🚼","1F6BC","F0 9F 9A BC"},; 
"\ud83d\udebd" => {"🚽","1F6BD","F0 9F 9A BD"},; 
"\ud83d\udebe" => {"🚾","1F6BE","F0 9F 9A BE"},; 
"\ud83d\udebf" => {"🚿","1F6BF","F0 9F 9A BF"},; 
"\ud83d\udec0" => {"🛀","1F6C0","F0 9F 9B 80"},; 
"\ud83d\udec1" => {"🛁","1F6C1","F0 9F 9B 81"},; 
"\ud83d\udec2" => {"🛂","1F6C2","F0 9F 9B 82"},; 
"\ud83d\udec3" => {"🛃","1F6C3","F0 9F 9B 83"},; 
"\ud83d\udec4" => {"🛄","1F6C4","F0 9F 9B 84"},; 
"\ud83d\udec5" => {"🛅","1F6C5","F0 9F 9B 85"},; 
"\ud83d\udec6" => {"🛆","1F6C6","F0 9F 9B 86"},; 
"\ud83d\udec7" => {"🛇","1F6C7","F0 9F 9B 87"},; 
"\ud83d\udec8" => {"🛈","1F6C8","F0 9F 9B 88"},; 
"\ud83d\udec9" => {"🛉","1F6C9","F0 9F 9B 89"},; 
"\ud83d\udeca" => {"🛊","1F6CA","F0 9F 9B 8A"},; 
"\ud83d\udecb" => {"🛋","1F6CB","F0 9F 9B 8B"},; 
"\ud83d\udecc" => {"🛌","1F6CC","F0 9F 9B 8C"},; 
"\ud83d\udecd" => {"🛍","1F6CD","F0 9F 9B 8D"},; 
"\ud83d\udece" => {"🛎","1F6CE","F0 9F 9B 8E"},; 
"\ud83d\udecf" => {"🛏","1F6CF","F0 9F 9B 8F"},; 
"\ud83d\uded0" => {"🛐","1F6D0","F0 9F 9B 90"},; 
"\ud83d\uded1" => {"🛑","1F6D1","F0 9F 9B 91"},; 
"\ud83d\uded2" => {"🛒","1F6D2","F0 9F 9B 92"},; 
"\ud83d\uded3" => {"🛓","1F6D3","F0 9F 9B 93"},; 
"\ud83d\uded4" => {"🛔","1F6D4","F0 9F 9B 94"},; 
"\ud83d\uded5" => {"🛕","1F6D5","F0 9F 9B 95"},; 
"\ud83d\uded6" => {"🛖","1F6D6","F0 9F 9B 96"},; 
"\ud83d\uded7" => {"🛗","1F6D7","F0 9F 9B 97"},; 
"\ud83d\uded8" => {"🛘","1F6D8","F0 9F 9B 98"},; 
"\ud83d\uded9" => {"🛙","1F6D9","F0 9F 9B 99"},; 
"\ud83d\udeda" => {"🛚","1F6DA","F0 9F 9B 9A"},; 
"\ud83d\udedb" => {"🛛","1F6DB","F0 9F 9B 9B"},; 
"\ud83d\udedc" => {"🛜","1F6DC","F0 9F 9B 9C"},; 
"\ud83d\udedd" => {"🛝","1F6DD","F0 9F 9B 9D"},; 
"\ud83d\udede" => {"🛞","1F6DE","F0 9F 9B 9E"},; 
"\ud83d\udedf" => {"🛟","1F6DF","F0 9F 9B 9F"},; 
"\ud83d\udee0" => {"🛠","1F6E0","F0 9F 9B A0"},; 
"\ud83d\udee1" => {"🛡","1F6E1","F0 9F 9B A1"},; 
"\ud83d\udee2" => {"🛢","1F6E2","F0 9F 9B A2"},; 
"\ud83d\udee3" => {"🛣","1F6E3","F0 9F 9B A3"},; 
"\ud83d\udee4" => {"🛤","1F6E4","F0 9F 9B A4"},; 
"\ud83d\udee5" => {"🛥","1F6E5","F0 9F 9B A5"},; 
"\ud83d\udee6" => {"🛦","1F6E6","F0 9F 9B A6"},; 
"\ud83d\udee7" => {"🛧","1F6E7","F0 9F 9B A7"},; 
"\ud83d\udee8" => {"🛨","1F6E8","F0 9F 9B A8"},; 
"\ud83d\udee9" => {"🛩","1F6E9","F0 9F 9B A9"},; 
"\ud83d\udeea" => {"🛪","1F6EA","F0 9F 9B AA"},; 
"\ud83d\udeeb" => {"🛫","1F6EB","F0 9F 9B AB"},; 
"\ud83d\udeec" => {"🛬","1F6EC","F0 9F 9B AC"},; 
"\ud83d\udeed" => {"🛭","1F6ED","F0 9F 9B AD"},; 
"\ud83d\udeee" => {"🛮","1F6EE","F0 9F 9B AE"},; 
"\ud83d\udeef" => {"🛯","1F6EF","F0 9F 9B AF"},; 
"\ud83d\udef0" => {"🛰","1F6F0","F0 9F 9B B0"},; 
"\ud83d\udef1" => {"🛱","1F6F1","F0 9F 9B B1"},; 
"\ud83d\udef2" => {"🛲","1F6F2","F0 9F 9B B2"},; 
"\ud83d\udef3" => {"🛳","1F6F3","F0 9F 9B B3"},; 
"\ud83d\udef4" => {"🛴","1F6F4","F0 9F 9B B4"},; 
"\ud83d\udef5" => {"🛵","1F6F5","F0 9F 9B B5"},; 
"\ud83d\udef6" => {"🛶","1F6F6","F0 9F 9B B6"},; 
"\ud83d\udef7" => {"🛷","1F6F7","F0 9F 9B B7"},; 
"\ud83d\udef8" => {"🛸","1F6F8","F0 9F 9B B8"},; 
"\ud83d\udef9" => {"🛹","1F6F9","F0 9F 9B B9"},; 
"\ud83d\udefa" => {"🛺","1F6FA","F0 9F 9B BA"},; 
"\ud83d\udefb" => {"🛻","1F6FB","F0 9F 9B BB"},; 
"\ud83d\udefc" => {"🛼","1F6FC","F0 9F 9B BC"},; 
"\ud83d\udefd" => {"🛽","1F6FD","F0 9F 9B BD"},; 
"\ud83d\udefe" => {"🛾","1F6FE","F0 9F 9B BE"},; 
"\ud83d\udeff" => {"🛿","1F6FF","F0 9F 9B BF"},; 
"\ud83d\udf00" => {"🜀","1F700","F0 9F 9C 80"},; 
"\ud83d\udf01" => {"🜁","1F701","F0 9F 9C 81"},; 
"\ud83d\udf02" => {"🜂","1F702","F0 9F 9C 82"},; 
"\ud83d\udf03" => {"🜃","1F703","F0 9F 9C 83"},; 
"\ud83d\udf04" => {"🜄","1F704","F0 9F 9C 84"},; 
"\ud83d\udf05" => {"🜅","1F705","F0 9F 9C 85"},; 
"\ud83d\udf06" => {"🜆","1F706","F0 9F 9C 86"},; 
"\ud83d\udf07" => {"🜇","1F707","F0 9F 9C 87"},; 
"\ud83d\udf08" => {"🜈","1F708","F0 9F 9C 88"},; 
"\ud83d\udf09" => {"🜉","1F709","F0 9F 9C 89"},; 
"\ud83d\udf0a" => {"🜊","1F70A","F0 9F 9C 8A"},; 
"\ud83d\udf0b" => {"🜋","1F70B","F0 9F 9C 8B"},; 
"\ud83d\udf0c" => {"🜌","1F70C","F0 9F 9C 8C"},; 
"\ud83d\udf0d" => {"🜍","1F70D","F0 9F 9C 8D"},; 
"\ud83d\udf0e" => {"🜎","1F70E","F0 9F 9C 8E"},; 
"\ud83d\udf0f" => {"🜏","1F70F","F0 9F 9C 8F"},; 
"\ud83d\udf10" => {"🜐","1F710","F0 9F 9C 90"},; 
"\ud83d\udf11" => {"🜑","1F711","F0 9F 9C 91"},; 
"\ud83d\udf12" => {"🜒","1F712","F0 9F 9C 92"},; 
"\ud83d\udf13" => {"🜓","1F713","F0 9F 9C 93"},; 
"\ud83d\udf14" => {"🜔","1F714","F0 9F 9C 94"},; 
"\ud83d\udf15" => {"🜕","1F715","F0 9F 9C 95"},; 
"\ud83d\udf16" => {"🜖","1F716","F0 9F 9C 96"},; 
"\ud83d\udf17" => {"🜗","1F717","F0 9F 9C 97"},; 
"\ud83d\udf18" => {"🜘","1F718","F0 9F 9C 98"},; 
"\ud83d\udf19" => {"🜙","1F719","F0 9F 9C 99"},; 
"\ud83d\udf1a" => {"🜚","1F71A","F0 9F 9C 9A"},; 
"\ud83d\udf1b" => {"🜛","1F71B","F0 9F 9C 9B"},; 
"\ud83d\udf1c" => {"🜜","1F71C","F0 9F 9C 9C"},; 
"\ud83d\udf1d" => {"🜝","1F71D","F0 9F 9C 9D"},; 
"\ud83d\udf1e" => {"🜞","1F71E","F0 9F 9C 9E"},; 
"\ud83d\udf1f" => {"🜟","1F71F","F0 9F 9C 9F"},; 
"\ud83d\udf20" => {"🜠","1F720","F0 9F 9C A0"},; 
"\ud83d\udf21" => {"🜡","1F721","F0 9F 9C A1"},; 
"\ud83d\udf22" => {"🜢","1F722","F0 9F 9C A2"},; 
"\ud83d\udf23" => {"🜣","1F723","F0 9F 9C A3"},; 
"\ud83d\udf24" => {"🜤","1F724","F0 9F 9C A4"},; 
"\ud83d\udf25" => {"🜥","1F725","F0 9F 9C A5"},; 
"\ud83d\udf26" => {"🜦","1F726","F0 9F 9C A6"},; 
"\ud83d\udf27" => {"🜧","1F727","F0 9F 9C A7"},; 
"\ud83d\udf28" => {"🜨","1F728","F0 9F 9C A8"},; 
"\ud83d\udf29" => {"🜩","1F729","F0 9F 9C A9"},; 
"\ud83d\udf2a" => {"🜪","1F72A","F0 9F 9C AA"},; 
"\ud83d\udf2b" => {"🜫","1F72B","F0 9F 9C AB"},; 
"\ud83d\udf2c" => {"🜬","1F72C","F0 9F 9C AC"},; 
"\ud83d\udf2d" => {"🜭","1F72D","F0 9F 9C AD"},; 
"\ud83d\udf2e" => {"🜮","1F72E","F0 9F 9C AE"},; 
"\ud83d\udf2f" => {"🜯","1F72F","F0 9F 9C AF"},; 
"\ud83d\udf30" => {"🜰","1F730","F0 9F 9C B0"},; 
"\ud83d\udf31" => {"🜱","1F731","F0 9F 9C B1"},; 
"\ud83d\udf32" => {"🜲","1F732","F0 9F 9C B2"},; 
"\ud83d\udf33" => {"🜳","1F733","F0 9F 9C B3"},; 
"\ud83d\udf34" => {"🜴","1F734","F0 9F 9C B4"},; 
"\ud83d\udf35" => {"🜵","1F735","F0 9F 9C B5"},; 
"\ud83d\udf36" => {"🜶","1F736","F0 9F 9C B6"},; 
"\ud83d\udf37" => {"🜷","1F737","F0 9F 9C B7"},; 
"\ud83d\udf38" => {"🜸","1F738","F0 9F 9C B8"},; 
"\ud83d\udf39" => {"🜹","1F739","F0 9F 9C B9"},; 
"\ud83d\udf3a" => {"🜺","1F73A","F0 9F 9C BA"},; 
"\ud83d\udf3b" => {"🜻","1F73B","F0 9F 9C BB"},; 
"\ud83d\udf3c" => {"🜼","1F73C","F0 9F 9C BC"},; 
"\ud83d\udf3d" => {"🜽","1F73D","F0 9F 9C BD"},; 
"\ud83d\udf3e" => {"🜾","1F73E","F0 9F 9C BE"},; 
"\ud83d\udf3f" => {"🜿","1F73F","F0 9F 9C BF"},; 
"\ud83d\udf40" => {"🝀","1F740","F0 9F 9D 80"},; 
"\ud83d\udf41" => {"🝁","1F741","F0 9F 9D 81"},; 
"\ud83d\udf42" => {"🝂","1F742","F0 9F 9D 82"},; 
"\ud83d\udf43" => {"🝃","1F743","F0 9F 9D 83"},; 
"\ud83d\udf44" => {"🝄","1F744","F0 9F 9D 84"},; 
"\ud83d\udf45" => {"🝅","1F745","F0 9F 9D 85"},; 
"\ud83d\udf46" => {"🝆","1F746","F0 9F 9D 86"},; 
"\ud83d\udf47" => {"🝇","1F747","F0 9F 9D 87"},; 
"\ud83d\udf48" => {"🝈","1F748","F0 9F 9D 88"},; 
"\ud83d\udf49" => {"🝉","1F749","F0 9F 9D 89"},; 
"\ud83d\udf4a" => {"🝊","1F74A","F0 9F 9D 8A"},; 
"\ud83d\udf4b" => {"🝋","1F74B","F0 9F 9D 8B"},; 
"\ud83d\udf4c" => {"🝌","1F74C","F0 9F 9D 8C"},; 
"\ud83d\udf4d" => {"🝍","1F74D","F0 9F 9D 8D"},; 
"\ud83d\udf4e" => {"🝎","1F74E","F0 9F 9D 8E"},; 
"\ud83d\udf4f" => {"🝏","1F74F","F0 9F 9D 8F"},; 
"\ud83d\udf50" => {"🝐","1F750","F0 9F 9D 90"},; 
"\ud83d\udf51" => {"🝑","1F751","F0 9F 9D 91"},; 
"\ud83d\udf52" => {"🝒","1F752","F0 9F 9D 92"},; 
"\ud83d\udf53" => {"🝓","1F753","F0 9F 9D 93"},; 
"\ud83d\udf54" => {"🝔","1F754","F0 9F 9D 94"},; 
"\ud83d\udf55" => {"🝕","1F755","F0 9F 9D 95"},; 
"\ud83d\udf56" => {"🝖","1F756","F0 9F 9D 96"},; 
"\ud83d\udf57" => {"🝗","1F757","F0 9F 9D 97"},; 
"\ud83d\udf58" => {"🝘","1F758","F0 9F 9D 98"},; 
"\ud83d\udf59" => {"🝙","1F759","F0 9F 9D 99"},; 
"\ud83d\udf5a" => {"🝚","1F75A","F0 9F 9D 9A"},; 
"\ud83d\udf5b" => {"🝛","1F75B","F0 9F 9D 9B"},; 
"\ud83d\udf5c" => {"🝜","1F75C","F0 9F 9D 9C"},; 
"\ud83d\udf5d" => {"🝝","1F75D","F0 9F 9D 9D"},; 
"\ud83d\udf5e" => {"🝞","1F75E","F0 9F 9D 9E"},; 
"\ud83d\udf5f" => {"🝟","1F75F","F0 9F 9D 9F"},; 
"\ud83d\udf60" => {"🝠","1F760","F0 9F 9D A0"},; 
"\ud83d\udf61" => {"🝡","1F761","F0 9F 9D A1"},; 
"\ud83d\udf62" => {"🝢","1F762","F0 9F 9D A2"},; 
"\ud83d\udf63" => {"🝣","1F763","F0 9F 9D A3"},; 
"\ud83d\udf64" => {"🝤","1F764","F0 9F 9D A4"},; 
"\ud83d\udf65" => {"🝥","1F765","F0 9F 9D A5"},; 
"\ud83d\udf66" => {"🝦","1F766","F0 9F 9D A6"},; 
"\ud83d\udf67" => {"🝧","1F767","F0 9F 9D A7"},; 
"\ud83d\udf68" => {"🝨","1F768","F0 9F 9D A8"},; 
"\ud83d\udf69" => {"🝩","1F769","F0 9F 9D A9"},; 
"\ud83d\udf6a" => {"🝪","1F76A","F0 9F 9D AA"},; 
"\ud83d\udf6b" => {"🝫","1F76B","F0 9F 9D AB"},; 
"\ud83d\udf6c" => {"🝬","1F76C","F0 9F 9D AC"},; 
"\ud83d\udf6d" => {"🝭","1F76D","F0 9F 9D AD"},; 
"\ud83d\udf6e" => {"🝮","1F76E","F0 9F 9D AE"},; 
"\ud83d\udf6f" => {"🝯","1F76F","F0 9F 9D AF"},; 
"\ud83d\udf70" => {"🝰","1F770","F0 9F 9D B0"},; 
"\ud83d\udf71" => {"🝱","1F771","F0 9F 9D B1"},; 
"\ud83d\udf72" => {"🝲","1F772","F0 9F 9D B2"},; 
"\ud83d\udf73" => {"🝳","1F773","F0 9F 9D B3"},; 
"\ud83d\udf74" => {"🝴","1F774","F0 9F 9D B4"},; 
"\ud83d\udf75" => {"🝵","1F775","F0 9F 9D B5"},; 
"\ud83d\udf76" => {"🝶","1F776","F0 9F 9D B6"},; 
"\ud83d\udf77" => {"🝷","1F777","F0 9F 9D B7"},; 
"\ud83d\udf78" => {"🝸","1F778","F0 9F 9D B8"},; 
"\ud83d\udf79" => {"🝹","1F779","F0 9F 9D B9"},; 
"\ud83d\udf7a" => {"🝺","1F77A","F0 9F 9D BA"},; 
"\ud83d\udf7b" => {"🝻","1F77B","F0 9F 9D BB"},; 
"\ud83d\udf7c" => {"🝼","1F77C","F0 9F 9D BC"},; 
"\ud83d\udf7d" => {"🝽","1F77D","F0 9F 9D BD"},; 
"\ud83d\udf7e" => {"🝾","1F77E","F0 9F 9D BE"},; 
"\ud83d\udf7f" => {"🝿","1F77F","F0 9F 9D BF"},; 
"\ud83d\udf80" => {"🞀","1F780","F0 9F 9E 80"},; 
"\ud83d\udf81" => {"🞁","1F781","F0 9F 9E 81"},; 
"\ud83d\udf82" => {"🞂","1F782","F0 9F 9E 82"},; 
"\ud83d\udf83" => {"🞃","1F783","F0 9F 9E 83"},; 
"\ud83d\udf84" => {"🞄","1F784","F0 9F 9E 84"},; 
"\ud83d\udf85" => {"🞅","1F785","F0 9F 9E 85"},; 
"\ud83d\udf86" => {"🞆","1F786","F0 9F 9E 86"},; 
"\ud83d\udf87" => {"🞇","1F787","F0 9F 9E 87"},; 
"\ud83d\udf88" => {"🞈","1F788","F0 9F 9E 88"},; 
"\ud83d\udf89" => {"🞉","1F789","F0 9F 9E 89"},; 
"\ud83d\udf8a" => {"🞊","1F78A","F0 9F 9E 8A"},; 
"\ud83d\udf8b" => {"🞋","1F78B","F0 9F 9E 8B"},; 
"\ud83d\udf8c" => {"🞌","1F78C","F0 9F 9E 8C"},; 
"\ud83d\udf8d" => {"🞍","1F78D","F0 9F 9E 8D"},; 
"\ud83d\udf8e" => {"🞎","1F78E","F0 9F 9E 8E"},; 
"\ud83d\udf8f" => {"🞏","1F78F","F0 9F 9E 8F"},; 
"\ud83d\udf90" => {"🞐","1F790","F0 9F 9E 90"},; 
"\ud83d\udf91" => {"🞑","1F791","F0 9F 9E 91"},; 
"\ud83d\udf92" => {"🞒","1F792","F0 9F 9E 92"},; 
"\ud83d\udf93" => {"🞓","1F793","F0 9F 9E 93"},; 
"\ud83d\udf94" => {"🞔","1F794","F0 9F 9E 94"},; 
"\ud83d\udf95" => {"🞕","1F795","F0 9F 9E 95"},; 
"\ud83d\udf96" => {"🞖","1F796","F0 9F 9E 96"},; 
"\ud83d\udf97" => {"🞗","1F797","F0 9F 9E 97"},; 
"\ud83d\udf98" => {"🞘","1F798","F0 9F 9E 98"},; 
"\ud83d\udf99" => {"🞙","1F799","F0 9F 9E 99"},; 
"\ud83d\udf9a" => {"🞚","1F79A","F0 9F 9E 9A"},; 
"\ud83d\udf9b" => {"🞛","1F79B","F0 9F 9E 9B"},; 
"\ud83d\udf9c" => {"🞜","1F79C","F0 9F 9E 9C"},; 
"\ud83d\udf9d" => {"🞝","1F79D","F0 9F 9E 9D"},; 
"\ud83d\udf9e" => {"🞞","1F79E","F0 9F 9E 9E"},; 
"\ud83d\udf9f" => {"🞟","1F79F","F0 9F 9E 9F"},; 
"\ud83d\udfa0" => {"🞠","1F7A0","F0 9F 9E A0"},; 
"\ud83d\udfa1" => {"🞡","1F7A1","F0 9F 9E A1"},; 
"\ud83d\udfa2" => {"🞢","1F7A2","F0 9F 9E A2"},; 
"\ud83d\udfa3" => {"🞣","1F7A3","F0 9F 9E A3"},; 
"\ud83d\udfa4" => {"🞤","1F7A4","F0 9F 9E A4"},; 
"\ud83d\udfa5" => {"🞥","1F7A5","F0 9F 9E A5"},; 
"\ud83d\udfa6" => {"🞦","1F7A6","F0 9F 9E A6"},; 
"\ud83d\udfa7" => {"🞧","1F7A7","F0 9F 9E A7"},; 
"\ud83d\udfa8" => {"🞨","1F7A8","F0 9F 9E A8"},; 
"\ud83d\udfa9" => {"🞩","1F7A9","F0 9F 9E A9"},; 
"\ud83d\udfaa" => {"🞪","1F7AA","F0 9F 9E AA"},; 
"\ud83d\udfab" => {"🞫","1F7AB","F0 9F 9E AB"},; 
"\ud83d\udfac" => {"🞬","1F7AC","F0 9F 9E AC"},; 
"\ud83d\udfad" => {"🞭","1F7AD","F0 9F 9E AD"},; 
"\ud83d\udfae" => {"🞮","1F7AE","F0 9F 9E AE"},; 
"\ud83d\udfaf" => {"🞯","1F7AF","F0 9F 9E AF"},; 
"\ud83d\udfb0" => {"🞰","1F7B0","F0 9F 9E B0"},; 
"\ud83d\udfb1" => {"🞱","1F7B1","F0 9F 9E B1"},; 
"\ud83d\udfb2" => {"🞲","1F7B2","F0 9F 9E B2"},; 
"\ud83d\udfb3" => {"🞳","1F7B3","F0 9F 9E B3"},; 
"\ud83d\udfb4" => {"🞴","1F7B4","F0 9F 9E B4"},; 
"\ud83d\udfb5" => {"🞵","1F7B5","F0 9F 9E B5"},; 
"\ud83d\udfb6" => {"🞶","1F7B6","F0 9F 9E B6"},; 
"\ud83d\udfb7" => {"🞷","1F7B7","F0 9F 9E B7"},; 
"\ud83d\udfb8" => {"🞸","1F7B8","F0 9F 9E B8"},; 
"\ud83d\udfb9" => {"🞹","1F7B9","F0 9F 9E B9"},; 
"\ud83d\udfba" => {"🞺","1F7BA","F0 9F 9E BA"},; 
"\ud83d\udfbb" => {"🞻","1F7BB","F0 9F 9E BB"},; 
"\ud83d\udfbc" => {"🞼","1F7BC","F0 9F 9E BC"},; 
"\ud83d\udfbd" => {"🞽","1F7BD","F0 9F 9E BD"},; 
"\ud83d\udfbe" => {"🞾","1F7BE","F0 9F 9E BE"},; 
"\ud83d\udfbf" => {"🞿","1F7BF","F0 9F 9E BF"},; 
"\ud83d\udfc0" => {"🟀","1F7C0","F0 9F 9F 80"},; 
"\ud83d\udfc1" => {"🟁","1F7C1","F0 9F 9F 81"},; 
"\ud83d\udfc2" => {"🟂","1F7C2","F0 9F 9F 82"},; 
"\ud83d\udfc3" => {"🟃","1F7C3","F0 9F 9F 83"},; 
"\ud83d\udfc4" => {"🟄","1F7C4","F0 9F 9F 84"},; 
"\ud83d\udfc5" => {"🟅","1F7C5","F0 9F 9F 85"},; 
"\ud83d\udfc6" => {"🟆","1F7C6","F0 9F 9F 86"},; 
"\ud83d\udfc7" => {"🟇","1F7C7","F0 9F 9F 87"},; 
"\ud83d\udfc8" => {"🟈","1F7C8","F0 9F 9F 88"},; 
"\ud83d\udfc9" => {"🟉","1F7C9","F0 9F 9F 89"},; 
"\ud83d\udfca" => {"🟊","1F7CA","F0 9F 9F 8A"},; 
"\ud83d\udfcb" => {"🟋","1F7CB","F0 9F 9F 8B"},; 
"\ud83d\udfcc" => {"🟌","1F7CC","F0 9F 9F 8C"},; 
"\ud83d\udfcd" => {"🟍","1F7CD","F0 9F 9F 8D"},; 
"\ud83d\udfce" => {"🟎","1F7CE","F0 9F 9F 8E"},; 
"\ud83d\udfcf" => {"🟏","1F7CF","F0 9F 9F 8F"},; 
"\ud83d\udfd0" => {"🟐","1F7D0","F0 9F 9F 90"},; 
"\ud83d\udfd1" => {"🟑","1F7D1","F0 9F 9F 91"},; 
"\ud83d\udfd2" => {"🟒","1F7D2","F0 9F 9F 92"},; 
"\ud83d\udfd3" => {"🟓","1F7D3","F0 9F 9F 93"},; 
"\ud83d\udfd4" => {"🟔","1F7D4","F0 9F 9F 94"},; 
"\ud83d\udfd5" => {"🟕","1F7D5","F0 9F 9F 95"},; 
"\ud83d\udfd6" => {"🟖","1F7D6","F0 9F 9F 96"},; 
"\ud83d\udfd7" => {"🟗","1F7D7","F0 9F 9F 97"},; 
"\ud83d\udfd8" => {"🟘","1F7D8","F0 9F 9F 98"},; 
"\ud83d\udfd9" => {"🟙","1F7D9","F0 9F 9F 99"},; 
"\ud83d\udfda" => {"🟚","1F7DA","F0 9F 9F 9A"},; 
"\ud83d\udfdb" => {"🟛","1F7DB","F0 9F 9F 9B"},; 
"\ud83d\udfdc" => {"🟜","1F7DC","F0 9F 9F 9C"},; 
"\ud83d\udfdd" => {"🟝","1F7DD","F0 9F 9F 9D"},; 
"\ud83d\udfde" => {"🟞","1F7DE","F0 9F 9F 9E"},; 
"\ud83d\udfdf" => {"🟟","1F7DF","F0 9F 9F 9F"},; 
"\ud83d\udfe0" => {"🟠","1F7E0","F0 9F 9F A0"},; 
"\ud83d\udfe1" => {"🟡","1F7E1","F0 9F 9F A1"},; 
"\ud83d\udfe2" => {"🟢","1F7E2","F0 9F 9F A2"},; 
"\ud83d\udfe3" => {"🟣","1F7E3","F0 9F 9F A3"},; 
"\ud83d\udfe4" => {"🟤","1F7E4","F0 9F 9F A4"},; 
"\ud83d\udfe5" => {"🟥","1F7E5","F0 9F 9F A5"},; 
"\ud83d\udfe6" => {"🟦","1F7E6","F0 9F 9F A6"},; 
"\ud83d\udfe7" => {"🟧","1F7E7","F0 9F 9F A7"},; 
"\ud83d\udfe8" => {"🟨","1F7E8","F0 9F 9F A8"},; 
"\ud83d\udfe9" => {"🟩","1F7E9","F0 9F 9F A9"},; 
"\ud83d\udfea" => {"🟪","1F7EA","F0 9F 9F AA"},; 
"\ud83d\udfeb" => {"🟫","1F7EB","F0 9F 9F AB"},; 
"\ud83d\udfec" => {"🟬","1F7EC","F0 9F 9F AC"},; 
"\ud83d\udfed" => {"🟭","1F7ED","F0 9F 9F AD"},; 
"\ud83d\udfee" => {"🟮","1F7EE","F0 9F 9F AE"},; 
"\ud83d\udfef" => {"🟯","1F7EF","F0 9F 9F AF"},; 
"\ud83d\udff0" => {"🟰","1F7F0","F0 9F 9F B0"},; 
"\ud83d\udff1" => {"🟱","1F7F1","F0 9F 9F B1"},; 
"\ud83d\udff2" => {"🟲","1F7F2","F0 9F 9F B2"},; 
"\ud83d\udff3" => {"🟳","1F7F3","F0 9F 9F B3"},; 
"\ud83d\udff4" => {"🟴","1F7F4","F0 9F 9F B4"},; 
"\ud83d\udff5" => {"🟵","1F7F5","F0 9F 9F B5"},; 
"\ud83d\udff6" => {"🟶","1F7F6","F0 9F 9F B6"},; 
"\ud83d\udff7" => {"🟷","1F7F7","F0 9F 9F B7"},; 
"\ud83d\udff8" => {"🟸","1F7F8","F0 9F 9F B8"},; 
"\ud83d\udff9" => {"🟹","1F7F9","F0 9F 9F B9"},; 
"\ud83d\udffa" => {"🟺","1F7FA","F0 9F 9F BA"},; 
"\ud83d\udffb" => {"🟻","1F7FB","F0 9F 9F BB"},; 
"\ud83d\udffc" => {"🟼","1F7FC","F0 9F 9F BC"},; 
"\ud83d\udffd" => {"🟽","1F7FD","F0 9F 9F BD"},; 
"\ud83d\udffe" => {"🟾","1F7FE","F0 9F 9F BE"},; 
"\ud83d\udfff" => {"🟿","1F7FF","F0 9F 9F BF"},; 
"\ud83e\udc00" => {"🠀","1F800","F0 9F A0 80"},; 
"\ud83e\udc01" => {"🠁","1F801","F0 9F A0 81"},; 
"\ud83e\udc02" => {"🠂","1F802","F0 9F A0 82"},; 
"\ud83e\udc03" => {"🠃","1F803","F0 9F A0 83"},; 
"\ud83e\udc04" => {"🠄","1F804","F0 9F A0 84"},; 
"\ud83e\udc05" => {"🠅","1F805","F0 9F A0 85"},; 
"\ud83e\udc06" => {"🠆","1F806","F0 9F A0 86"},; 
"\ud83e\udc07" => {"🠇","1F807","F0 9F A0 87"},; 
"\ud83e\udc08" => {"🠈","1F808","F0 9F A0 88"},; 
"\ud83e\udc09" => {"🠉","1F809","F0 9F A0 89"},; 
"\ud83e\udc0a" => {"🠊","1F80A","F0 9F A0 8A"},; 
"\ud83e\udc0b" => {"🠋","1F80B","F0 9F A0 8B"},; 
"\ud83e\udc0c" => {"🠌","1F80C","F0 9F A0 8C"},; 
"\ud83e\udc0d" => {"🠍","1F80D","F0 9F A0 8D"},; 
"\ud83e\udc0e" => {"🠎","1F80E","F0 9F A0 8E"},; 
"\ud83e\udc0f" => {"🠏","1F80F","F0 9F A0 8F"},; 
"\ud83e\udc10" => {"🠐","1F810","F0 9F A0 90"},; 
"\ud83e\udc11" => {"🠑","1F811","F0 9F A0 91"},; 
"\ud83e\udc12" => {"🠒","1F812","F0 9F A0 92"},; 
"\ud83e\udc13" => {"🠓","1F813","F0 9F A0 93"},; 
"\ud83e\udc14" => {"🠔","1F814","F0 9F A0 94"},; 
"\ud83e\udc15" => {"🠕","1F815","F0 9F A0 95"},; 
"\ud83e\udc16" => {"🠖","1F816","F0 9F A0 96"},; 
"\ud83e\udc17" => {"🠗","1F817","F0 9F A0 97"},; 
"\ud83e\udc18" => {"🠘","1F818","F0 9F A0 98"},; 
"\ud83e\udc19" => {"🠙","1F819","F0 9F A0 99"},; 
"\ud83e\udc1a" => {"🠚","1F81A","F0 9F A0 9A"},; 
"\ud83e\udc1b" => {"🠛","1F81B","F0 9F A0 9B"},; 
"\ud83e\udc1c" => {"🠜","1F81C","F0 9F A0 9C"},; 
"\ud83e\udc1d" => {"🠝","1F81D","F0 9F A0 9D"},; 
"\ud83e\udc1e" => {"🠞","1F81E","F0 9F A0 9E"},; 
"\ud83e\udc1f" => {"🠟","1F81F","F0 9F A0 9F"},; 
"\ud83e\udc20" => {"🠠","1F820","F0 9F A0 A0"},; 
"\ud83e\udc21" => {"🠡","1F821","F0 9F A0 A1"},; 
"\ud83e\udc22" => {"🠢","1F822","F0 9F A0 A2"},; 
"\ud83e\udc23" => {"🠣","1F823","F0 9F A0 A3"},; 
"\ud83e\udc24" => {"🠤","1F824","F0 9F A0 A4"},; 
"\ud83e\udc25" => {"🠥","1F825","F0 9F A0 A5"},; 
"\ud83e\udc26" => {"🠦","1F826","F0 9F A0 A6"},; 
"\ud83e\udc27" => {"🠧","1F827","F0 9F A0 A7"},; 
"\ud83e\udc28" => {"🠨","1F828","F0 9F A0 A8"},; 
"\ud83e\udc29" => {"🠩","1F829","F0 9F A0 A9"},; 
"\ud83e\udc2a" => {"🠪","1F82A","F0 9F A0 AA"},; 
"\ud83e\udc2b" => {"🠫","1F82B","F0 9F A0 AB"},; 
"\ud83e\udc2c" => {"🠬","1F82C","F0 9F A0 AC"},; 
"\ud83e\udc2d" => {"🠭","1F82D","F0 9F A0 AD"},; 
"\ud83e\udc2e" => {"🠮","1F82E","F0 9F A0 AE"},; 
"\ud83e\udc2f" => {"🠯","1F82F","F0 9F A0 AF"},; 
"\ud83e\udc30" => {"🠰","1F830","F0 9F A0 B0"},; 
"\ud83e\udc31" => {"🠱","1F831","F0 9F A0 B1"},; 
"\ud83e\udc32" => {"🠲","1F832","F0 9F A0 B2"},; 
"\ud83e\udc33" => {"🠳","1F833","F0 9F A0 B3"},; 
"\ud83e\udc34" => {"🠴","1F834","F0 9F A0 B4"},; 
"\ud83e\udc35" => {"🠵","1F835","F0 9F A0 B5"},; 
"\ud83e\udc36" => {"🠶","1F836","F0 9F A0 B6"},; 
"\ud83e\udc37" => {"🠷","1F837","F0 9F A0 B7"},; 
"\ud83e\udc38" => {"🠸","1F838","F0 9F A0 B8"},; 
"\ud83e\udc39" => {"🠹","1F839","F0 9F A0 B9"},; 
"\ud83e\udc3a" => {"🠺","1F83A","F0 9F A0 BA"},; 
"\ud83e\udc3b" => {"🠻","1F83B","F0 9F A0 BB"},; 
"\ud83e\udc3c" => {"🠼","1F83C","F0 9F A0 BC"},; 
"\ud83e\udc3d" => {"🠽","1F83D","F0 9F A0 BD"},; 
"\ud83e\udc3e" => {"🠾","1F83E","F0 9F A0 BE"},; 
"\ud83e\udc3f" => {"🠿","1F83F","F0 9F A0 BF"},; 
"\ud83e\udc40" => {"🡀","1F840","F0 9F A1 80"},; 
"\ud83e\udc41" => {"🡁","1F841","F0 9F A1 81"},; 
"\ud83e\udc42" => {"🡂","1F842","F0 9F A1 82"},; 
"\ud83e\udc43" => {"🡃","1F843","F0 9F A1 83"},; 
"\ud83e\udc44" => {"🡄","1F844","F0 9F A1 84"},; 
"\ud83e\udc45" => {"🡅","1F845","F0 9F A1 85"},; 
"\ud83e\udc46" => {"🡆","1F846","F0 9F A1 86"},; 
"\ud83e\udc47" => {"🡇","1F847","F0 9F A1 87"},; 
"\ud83e\udc48" => {"🡈","1F848","F0 9F A1 88"},; 
"\ud83e\udc49" => {"🡉","1F849","F0 9F A1 89"},; 
"\ud83e\udc4a" => {"🡊","1F84A","F0 9F A1 8A"},; 
"\ud83e\udc4b" => {"🡋","1F84B","F0 9F A1 8B"},; 
"\ud83e\udc4c" => {"🡌","1F84C","F0 9F A1 8C"},; 
"\ud83e\udc4d" => {"🡍","1F84D","F0 9F A1 8D"},; 
"\ud83e\udc4e" => {"🡎","1F84E","F0 9F A1 8E"},; 
"\ud83e\udc4f" => {"🡏","1F84F","F0 9F A1 8F"},; 
"\ud83e\udc50" => {"🡐","1F850","F0 9F A1 90"},; 
"\ud83e\udc51" => {"🡑","1F851","F0 9F A1 91"},; 
"\ud83e\udc52" => {"🡒","1F852","F0 9F A1 92"},; 
"\ud83e\udc53" => {"🡓","1F853","F0 9F A1 93"},; 
"\ud83e\udc54" => {"🡔","1F854","F0 9F A1 94"},; 
"\ud83e\udc55" => {"🡕","1F855","F0 9F A1 95"},; 
"\ud83e\udc56" => {"🡖","1F856","F0 9F A1 96"},; 
"\ud83e\udc57" => {"🡗","1F857","F0 9F A1 97"},; 
"\ud83e\udc58" => {"🡘","1F858","F0 9F A1 98"},; 
"\ud83e\udc59" => {"🡙","1F859","F0 9F A1 99"},; 
"\ud83e\udc5a" => {"🡚","1F85A","F0 9F A1 9A"},; 
"\ud83e\udc5b" => {"🡛","1F85B","F0 9F A1 9B"},; 
"\ud83e\udc5c" => {"🡜","1F85C","F0 9F A1 9C"},; 
"\ud83e\udc5d" => {"🡝","1F85D","F0 9F A1 9D"},; 
"\ud83e\udc5e" => {"🡞","1F85E","F0 9F A1 9E"},; 
"\ud83e\udc5f" => {"🡟","1F85F","F0 9F A1 9F"},; 
"\ud83e\udc60" => {"🡠","1F860","F0 9F A1 A0"},; 
"\ud83e\udc61" => {"🡡","1F861","F0 9F A1 A1"},; 
"\ud83e\udc62" => {"🡢","1F862","F0 9F A1 A2"},; 
"\ud83e\udc63" => {"🡣","1F863","F0 9F A1 A3"},; 
"\ud83e\udc64" => {"🡤","1F864","F0 9F A1 A4"},; 
"\ud83e\udc65" => {"🡥","1F865","F0 9F A1 A5"},; 
"\ud83e\udc66" => {"🡦","1F866","F0 9F A1 A6"},; 
"\ud83e\udc67" => {"🡧","1F867","F0 9F A1 A7"},; 
"\ud83e\udc68" => {"🡨","1F868","F0 9F A1 A8"},; 
"\ud83e\udc69" => {"🡩","1F869","F0 9F A1 A9"},; 
"\ud83e\udc6a" => {"🡪","1F86A","F0 9F A1 AA"},; 
"\ud83e\udc6b" => {"🡫","1F86B","F0 9F A1 AB"},; 
"\ud83e\udc6c" => {"🡬","1F86C","F0 9F A1 AC"},; 
"\ud83e\udc6d" => {"🡭","1F86D","F0 9F A1 AD"},; 
"\ud83e\udc6e" => {"🡮","1F86E","F0 9F A1 AE"},; 
"\ud83e\udc6f" => {"🡯","1F86F","F0 9F A1 AF"},; 
"\ud83e\udc70" => {"🡰","1F870","F0 9F A1 B0"},; 
"\ud83e\udc71" => {"🡱","1F871","F0 9F A1 B1"},; 
"\ud83e\udc72" => {"🡲","1F872","F0 9F A1 B2"},; 
"\ud83e\udc73" => {"🡳","1F873","F0 9F A1 B3"},; 
"\ud83e\udc74" => {"🡴","1F874","F0 9F A1 B4"},; 
"\ud83e\udc75" => {"🡵","1F875","F0 9F A1 B5"},; 
"\ud83e\udc76" => {"🡶","1F876","F0 9F A1 B6"},; 
"\ud83e\udc77" => {"🡷","1F877","F0 9F A1 B7"},; 
"\ud83e\udc78" => {"🡸","1F878","F0 9F A1 B8"},; 
"\ud83e\udc79" => {"🡹","1F879","F0 9F A1 B9"},; 
"\ud83e\udc7a" => {"🡺","1F87A","F0 9F A1 BA"},; 
"\ud83e\udc7b" => {"🡻","1F87B","F0 9F A1 BB"},; 
"\ud83e\udc7c" => {"🡼","1F87C","F0 9F A1 BC"},; 
"\ud83e\udc7d" => {"🡽","1F87D","F0 9F A1 BD"},; 
"\ud83e\udc7e" => {"🡾","1F87E","F0 9F A1 BE"},; 
"\ud83e\udc7f" => {"🡿","1F87F","F0 9F A1 BF"},; 
"\ud83e\udc80" => {"🢀","1F880","F0 9F A2 80"},; 
"\ud83e\udc81" => {"🢁","1F881","F0 9F A2 81"},; 
"\ud83e\udc82" => {"🢂","1F882","F0 9F A2 82"},; 
"\ud83e\udc83" => {"🢃","1F883","F0 9F A2 83"},; 
"\ud83e\udc84" => {"🢄","1F884","F0 9F A2 84"},; 
"\ud83e\udc85" => {"🢅","1F885","F0 9F A2 85"},; 
"\ud83e\udc86" => {"🢆","1F886","F0 9F A2 86"},; 
"\ud83e\udc87" => {"🢇","1F887","F0 9F A2 87"},; 
"\ud83e\udc88" => {"🢈","1F888","F0 9F A2 88"},; 
"\ud83e\udc89" => {"🢉","1F889","F0 9F A2 89"},; 
"\ud83e\udc8a" => {"🢊","1F88A","F0 9F A2 8A"},; 
"\ud83e\udc8b" => {"🢋","1F88B","F0 9F A2 8B"},; 
"\ud83e\udc8c" => {"🢌","1F88C","F0 9F A2 8C"},; 
"\ud83e\udc8d" => {"🢍","1F88D","F0 9F A2 8D"},; 
"\ud83e\udc8e" => {"🢎","1F88E","F0 9F A2 8E"},; 
"\ud83e\udc8f" => {"🢏","1F88F","F0 9F A2 8F"},; 
"\ud83e\udc90" => {"🢐","1F890","F0 9F A2 90"},; 
"\ud83e\udc91" => {"🢑","1F891","F0 9F A2 91"},; 
"\ud83e\udc92" => {"🢒","1F892","F0 9F A2 92"},; 
"\ud83e\udc93" => {"🢓","1F893","F0 9F A2 93"},; 
"\ud83e\udc94" => {"🢔","1F894","F0 9F A2 94"},; 
"\ud83e\udc95" => {"🢕","1F895","F0 9F A2 95"},; 
"\ud83e\udc96" => {"🢖","1F896","F0 9F A2 96"},; 
"\ud83e\udc97" => {"🢗","1F897","F0 9F A2 97"},; 
"\ud83e\udc98" => {"🢘","1F898","F0 9F A2 98"},; 
"\ud83e\udc99" => {"🢙","1F899","F0 9F A2 99"},; 
"\ud83e\udc9a" => {"🢚","1F89A","F0 9F A2 9A"},; 
"\ud83e\udc9b" => {"🢛","1F89B","F0 9F A2 9B"},; 
"\ud83e\udc9c" => {"🢜","1F89C","F0 9F A2 9C"},; 
"\ud83e\udc9d" => {"🢝","1F89D","F0 9F A2 9D"},; 
"\ud83e\udc9e" => {"🢞","1F89E","F0 9F A2 9E"},; 
"\ud83e\udc9f" => {"🢟","1F89F","F0 9F A2 9F"},; 
"\ud83e\udca0" => {"🢠","1F8A0","F0 9F A2 A0"},; 
"\ud83e\udca1" => {"🢡","1F8A1","F0 9F A2 A1"},; 
"\ud83e\udca2" => {"🢢","1F8A2","F0 9F A2 A2"},; 
"\ud83e\udca3" => {"🢣","1F8A3","F0 9F A2 A3"},; 
"\ud83e\udca4" => {"🢤","1F8A4","F0 9F A2 A4"},; 
"\ud83e\udca5" => {"🢥","1F8A5","F0 9F A2 A5"},; 
"\ud83e\udca6" => {"🢦","1F8A6","F0 9F A2 A6"},; 
"\ud83e\udca7" => {"🢧","1F8A7","F0 9F A2 A7"},; 
"\ud83e\udca8" => {"🢨","1F8A8","F0 9F A2 A8"},; 
"\ud83e\udca9" => {"🢩","1F8A9","F0 9F A2 A9"},; 
"\ud83e\udcaa" => {"🢪","1F8AA","F0 9F A2 AA"},; 
"\ud83e\udcab" => {"🢫","1F8AB","F0 9F A2 AB"},; 
"\ud83e\udcac" => {"🢬","1F8AC","F0 9F A2 AC"},; 
"\ud83e\udcad" => {"🢭","1F8AD","F0 9F A2 AD"},; 
"\ud83e\udcae" => {"🢮","1F8AE","F0 9F A2 AE"},; 
"\ud83e\udcaf" => {"🢯","1F8AF","F0 9F A2 AF"},; 
"\ud83e\udcb0" => {"🢰","1F8B0","F0 9F A2 B0"},; 
"\ud83e\udcb1" => {"🢱","1F8B1","F0 9F A2 B1"},; 
"\ud83e\udcb2" => {"🢲","1F8B2","F0 9F A2 B2"},; 
"\ud83e\udcb3" => {"🢳","1F8B3","F0 9F A2 B3"},; 
"\ud83e\udcb4" => {"🢴","1F8B4","F0 9F A2 B4"},; 
"\ud83e\udcb5" => {"🢵","1F8B5","F0 9F A2 B5"},; 
"\ud83e\udcb6" => {"🢶","1F8B6","F0 9F A2 B6"},; 
"\ud83e\udcb7" => {"🢷","1F8B7","F0 9F A2 B7"},; 
"\ud83e\udcb8" => {"🢸","1F8B8","F0 9F A2 B8"},; 
"\ud83e\udcb9" => {"🢹","1F8B9","F0 9F A2 B9"},; 
"\ud83e\udcba" => {"🢺","1F8BA","F0 9F A2 BA"},; 
"\ud83e\udcbb" => {"🢻","1F8BB","F0 9F A2 BB"},; 
"\ud83e\udcbc" => {"🢼","1F8BC","F0 9F A2 BC"},; 
"\ud83e\udcbd" => {"🢽","1F8BD","F0 9F A2 BD"},; 
"\ud83e\udcbe" => {"🢾","1F8BE","F0 9F A2 BE"},; 
"\ud83e\udcbf" => {"🢿","1F8BF","F0 9F A2 BF"},; 
"\ud83e\udcc0" => {"🣀","1F8C0","F0 9F A3 80"},; 
"\ud83e\udcc1" => {"🣁","1F8C1","F0 9F A3 81"},; 
"\ud83e\udcc2" => {"🣂","1F8C2","F0 9F A3 82"},; 
"\ud83e\udcc3" => {"🣃","1F8C3","F0 9F A3 83"},; 
"\ud83e\udcc4" => {"🣄","1F8C4","F0 9F A3 84"},; 
"\ud83e\udcc5" => {"🣅","1F8C5","F0 9F A3 85"},; 
"\ud83e\udcc6" => {"🣆","1F8C6","F0 9F A3 86"},; 
"\ud83e\udcc7" => {"🣇","1F8C7","F0 9F A3 87"},; 
"\ud83e\udcc8" => {"🣈","1F8C8","F0 9F A3 88"},; 
"\ud83e\udcc9" => {"🣉","1F8C9","F0 9F A3 89"},; 
"\ud83e\udcca" => {"🣊","1F8CA","F0 9F A3 8A"},; 
"\ud83e\udccb" => {"🣋","1F8CB","F0 9F A3 8B"},; 
"\ud83e\udccc" => {"🣌","1F8CC","F0 9F A3 8C"},; 
"\ud83e\udccd" => {"🣍","1F8CD","F0 9F A3 8D"},; 
"\ud83e\udcce" => {"🣎","1F8CE","F0 9F A3 8E"},; 
"\ud83e\udccf" => {"🣏","1F8CF","F0 9F A3 8F"},; 
"\ud83e\udcd0" => {"🣐","1F8D0","F0 9F A3 90"},; 
"\ud83e\udcd1" => {"🣑","1F8D1","F0 9F A3 91"},; 
"\ud83e\udcd2" => {"🣒","1F8D2","F0 9F A3 92"},; 
"\ud83e\udcd3" => {"🣓","1F8D3","F0 9F A3 93"},; 
"\ud83e\udcd4" => {"🣔","1F8D4","F0 9F A3 94"},; 
"\ud83e\udcd5" => {"🣕","1F8D5","F0 9F A3 95"},; 
"\ud83e\udcd6" => {"🣖","1F8D6","F0 9F A3 96"},; 
"\ud83e\udcd7" => {"🣗","1F8D7","F0 9F A3 97"},; 
"\ud83e\udcd8" => {"🣘","1F8D8","F0 9F A3 98"},; 
"\ud83e\udcd9" => {"🣙","1F8D9","F0 9F A3 99"},; 
"\ud83e\udcda" => {"🣚","1F8DA","F0 9F A3 9A"},; 
"\ud83e\udcdb" => {"🣛","1F8DB","F0 9F A3 9B"},; 
"\ud83e\udcdc" => {"🣜","1F8DC","F0 9F A3 9C"},; 
"\ud83e\udcdd" => {"🣝","1F8DD","F0 9F A3 9D"},; 
"\ud83e\udcde" => {"🣞","1F8DE","F0 9F A3 9E"},; 
"\ud83e\udcdf" => {"🣟","1F8DF","F0 9F A3 9F"},; 
"\ud83e\udce0" => {"🣠","1F8E0","F0 9F A3 A0"},; 
"\ud83e\udce1" => {"🣡","1F8E1","F0 9F A3 A1"},; 
"\ud83e\udce2" => {"🣢","1F8E2","F0 9F A3 A2"},; 
"\ud83e\udce3" => {"🣣","1F8E3","F0 9F A3 A3"},; 
"\ud83e\udce4" => {"🣤","1F8E4","F0 9F A3 A4"},; 
"\ud83e\udce5" => {"🣥","1F8E5","F0 9F A3 A5"},; 
"\ud83e\udce6" => {"🣦","1F8E6","F0 9F A3 A6"},; 
"\ud83e\udce7" => {"🣧","1F8E7","F0 9F A3 A7"},; 
"\ud83e\udce8" => {"🣨","1F8E8","F0 9F A3 A8"},; 
"\ud83e\udce9" => {"🣩","1F8E9","F0 9F A3 A9"},; 
"\ud83e\udcea" => {"🣪","1F8EA","F0 9F A3 AA"},; 
"\ud83e\udceb" => {"🣫","1F8EB","F0 9F A3 AB"},; 
"\ud83e\udcec" => {"🣬","1F8EC","F0 9F A3 AC"},; 
"\ud83e\udced" => {"🣭","1F8ED","F0 9F A3 AD"},; 
"\ud83e\udcee" => {"🣮","1F8EE","F0 9F A3 AE"},; 
"\ud83e\udcef" => {"🣯","1F8EF","F0 9F A3 AF"},; 
"\ud83e\udcf0" => {"🣰","1F8F0","F0 9F A3 B0"},; 
"\ud83e\udcf1" => {"🣱","1F8F1","F0 9F A3 B1"},; 
"\ud83e\udcf2" => {"🣲","1F8F2","F0 9F A3 B2"},; 
"\ud83e\udcf3" => {"🣳","1F8F3","F0 9F A3 B3"},; 
"\ud83e\udcf4" => {"🣴","1F8F4","F0 9F A3 B4"},; 
"\ud83e\udcf5" => {"🣵","1F8F5","F0 9F A3 B5"},; 
"\ud83e\udcf6" => {"🣶","1F8F6","F0 9F A3 B6"},; 
"\ud83e\udcf7" => {"🣷","1F8F7","F0 9F A3 B7"},; 
"\ud83e\udcf8" => {"🣸","1F8F8","F0 9F A3 B8"},; 
"\ud83e\udcf9" => {"🣹","1F8F9","F0 9F A3 B9"},; 
"\ud83e\udcfa" => {"🣺","1F8FA","F0 9F A3 BA"},; 
"\ud83e\udcfb" => {"🣻","1F8FB","F0 9F A3 BB"},; 
"\ud83e\udcfc" => {"🣼","1F8FC","F0 9F A3 BC"},; 
"\ud83e\udcfd" => {"🣽","1F8FD","F0 9F A3 BD"},; 
"\ud83e\udcfe" => {"🣾","1F8FE","F0 9F A3 BE"},; 
"\ud83e\udcff" => {"🣿","1F8FF","F0 9F A3 BF"},; 
"\ud83e\udd00" => {"🤀","1F900","F0 9F A4 80"},; 
"\ud83e\udd01" => {"🤁","1F901","F0 9F A4 81"},; 
"\ud83e\udd02" => {"🤂","1F902","F0 9F A4 82"},; 
"\ud83e\udd03" => {"🤃","1F903","F0 9F A4 83"},; 
"\ud83e\udd04" => {"🤄","1F904","F0 9F A4 84"},; 
"\ud83e\udd05" => {"🤅","1F905","F0 9F A4 85"},; 
"\ud83e\udd06" => {"🤆","1F906","F0 9F A4 86"},; 
"\ud83e\udd07" => {"🤇","1F907","F0 9F A4 87"},; 
"\ud83e\udd08" => {"🤈","1F908","F0 9F A4 88"},; 
"\ud83e\udd09" => {"🤉","1F909","F0 9F A4 89"},; 
"\ud83e\udd0a" => {"🤊","1F90A","F0 9F A4 8A"},; 
"\ud83e\udd0b" => {"🤋","1F90B","F0 9F A4 8B"},; 
"\ud83e\udd0c" => {"🤌","1F90C","F0 9F A4 8C"},; 
"\ud83e\udd0d" => {"🤍","1F90D","F0 9F A4 8D"},; 
"\ud83e\udd0e" => {"🤎","1F90E","F0 9F A4 8E"},; 
"\ud83e\udd0f" => {"🤏","1F90F","F0 9F A4 8F"},; 
"\ud83e\udd10" => {"🤐","1F910","F0 9F A4 90"},; 
"\ud83e\udd11" => {"🤑","1F911","F0 9F A4 91"},; 
"\ud83e\udd12" => {"🤒","1F912","F0 9F A4 92"},; 
"\ud83e\udd13" => {"🤓","1F913","F0 9F A4 93"},; 
"\ud83e\udd14" => {"🤔","1F914","F0 9F A4 94"},; 
"\ud83e\udd15" => {"🤕","1F915","F0 9F A4 95"},; 
"\ud83e\udd16" => {"🤖","1F916","F0 9F A4 96"},; 
"\ud83e\udd17" => {"🤗","1F917","F0 9F A4 97"},; 
"\ud83e\udd18" => {"🤘","1F918","F0 9F A4 98"},; 
"\ud83e\udd19" => {"🤙","1F919","F0 9F A4 99"},; 
"\ud83e\udd1a" => {"🤚","1F91A","F0 9F A4 9A"},; 
"\ud83e\udd1b" => {"🤛","1F91B","F0 9F A4 9B"},; 
"\ud83e\udd1c" => {"🤜","1F91C","F0 9F A4 9C"},; 
"\ud83e\udd1d" => {"🤝","1F91D","F0 9F A4 9D"},; 
"\ud83e\udd1e" => {"🤞","1F91E","F0 9F A4 9E"},; 
"\ud83e\udd1f" => {"🤟","1F91F","F0 9F A4 9F"},; 
"\ud83e\udd20" => {"🤠","1F920","F0 9F A4 A0"},; 
"\ud83e\udd21" => {"🤡","1F921","F0 9F A4 A1"},; 
"\ud83e\udd22" => {"🤢","1F922","F0 9F A4 A2"},; 
"\ud83e\udd23" => {"🤣","1F923","F0 9F A4 A3"},; 
"\ud83e\udd24" => {"🤤","1F924","F0 9F A4 A4"},; 
"\ud83e\udd25" => {"🤥","1F925","F0 9F A4 A5"},; 
"\ud83e\udd26" => {"🤦","1F926","F0 9F A4 A6"},; 
"\ud83e\udd27" => {"🤧","1F927","F0 9F A4 A7"},; 
"\ud83e\udd28" => {"🤨","1F928","F0 9F A4 A8"},; 
"\ud83e\udd29" => {"🤩","1F929","F0 9F A4 A9"},; 
"\ud83e\udd2a" => {"🤪","1F92A","F0 9F A4 AA"},; 
"\ud83e\udd2b" => {"🤫","1F92B","F0 9F A4 AB"},; 
"\ud83e\udd2c" => {"🤬","1F92C","F0 9F A4 AC"},; 
"\ud83e\udd2d" => {"🤭","1F92D","F0 9F A4 AD"},; 
"\ud83e\udd2e" => {"🤮","1F92E","F0 9F A4 AE"},; 
"\ud83e\udd2f" => {"🤯","1F92F","F0 9F A4 AF"},; 
"\ud83e\udd30" => {"🤰","1F930","F0 9F A4 B0"},; 
"\ud83e\udd31" => {"🤱","1F931","F0 9F A4 B1"},; 
"\ud83e\udd32" => {"🤲","1F932","F0 9F A4 B2"},; 
"\ud83e\udd33" => {"🤳","1F933","F0 9F A4 B3"},; 
"\ud83e\udd34" => {"🤴","1F934","F0 9F A4 B4"},; 
"\ud83e\udd35" => {"🤵","1F935","F0 9F A4 B5"},; 
"\ud83e\udd36" => {"🤶","1F936","F0 9F A4 B6"},; 
"\ud83e\udd37" => {"🤷","1F937","F0 9F A4 B7"},; 
"\ud83e\udd38" => {"🤸","1F938","F0 9F A4 B8"},; 
"\ud83e\udd39" => {"🤹","1F939","F0 9F A4 B9"},; 
"\ud83e\udd3a" => {"🤺","1F93A","F0 9F A4 BA"},; 
"\ud83e\udd3b" => {"🤻","1F93B","F0 9F A4 BB"},; 
"\ud83e\udd3c" => {"🤼","1F93C","F0 9F A4 BC"},; 
"\ud83e\udd3d" => {"🤽","1F93D","F0 9F A4 BD"},; 
"\ud83e\udd3e" => {"🤾","1F93E","F0 9F A4 BE"},; 
"\ud83e\udd3f" => {"🤿","1F93F","F0 9F A4 BF"},; 
"\ud83e\udd40" => {"🥀","1F940","F0 9F A5 80"},; 
"\ud83e\udd41" => {"🥁","1F941","F0 9F A5 81"},; 
"\ud83e\udd42" => {"🥂","1F942","F0 9F A5 82"},; 
"\ud83e\udd43" => {"🥃","1F943","F0 9F A5 83"},; 
"\ud83e\udd44" => {"🥄","1F944","F0 9F A5 84"},; 
"\ud83e\udd45" => {"🥅","1F945","F0 9F A5 85"},; 
"\ud83e\udd46" => {"🥆","1F946","F0 9F A5 86"},; 
"\ud83e\udd47" => {"🥇","1F947","F0 9F A5 87"},; 
"\ud83e\udd48" => {"🥈","1F948","F0 9F A5 88"},; 
"\ud83e\udd49" => {"🥉","1F949","F0 9F A5 89"},; 
"\ud83e\udd4a" => {"🥊","1F94A","F0 9F A5 8A"},; 
"\ud83e\udd4b" => {"🥋","1F94B","F0 9F A5 8B"},; 
"\ud83e\udd4c" => {"🥌","1F94C","F0 9F A5 8C"},; 
"\ud83e\udd4d" => {"🥍","1F94D","F0 9F A5 8D"},; 
"\ud83e\udd4e" => {"🥎","1F94E","F0 9F A5 8E"},; 
"\ud83e\udd4f" => {"🥏","1F94F","F0 9F A5 8F"},; 
"\ud83e\udd50" => {"🥐","1F950","F0 9F A5 90"},; 
"\ud83e\udd51" => {"🥑","1F951","F0 9F A5 91"},; 
"\ud83e\udd52" => {"🥒","1F952","F0 9F A5 92"},; 
"\ud83e\udd53" => {"🥓","1F953","F0 9F A5 93"},; 
"\ud83e\udd54" => {"🥔","1F954","F0 9F A5 94"},; 
"\ud83e\udd55" => {"🥕","1F955","F0 9F A5 95"},; 
"\ud83e\udd56" => {"🥖","1F956","F0 9F A5 96"},; 
"\ud83e\udd57" => {"🥗","1F957","F0 9F A5 97"},; 
"\ud83e\udd58" => {"🥘","1F958","F0 9F A5 98"},; 
"\ud83e\udd59" => {"🥙","1F959","F0 9F A5 99"},; 
"\ud83e\udd5a" => {"🥚","1F95A","F0 9F A5 9A"},; 
"\ud83e\udd5b" => {"🥛","1F95B","F0 9F A5 9B"},; 
"\ud83e\udd5c" => {"🥜","1F95C","F0 9F A5 9C"},; 
"\ud83e\udd5d" => {"🥝","1F95D","F0 9F A5 9D"},; 
"\ud83e\udd5e" => {"🥞","1F95E","F0 9F A5 9E"},; 
"\ud83e\udd5f" => {"🥟","1F95F","F0 9F A5 9F"},; 
"\ud83e\udd60" => {"🥠","1F960","F0 9F A5 A0"},; 
"\ud83e\udd61" => {"🥡","1F961","F0 9F A5 A1"},; 
"\ud83e\udd62" => {"🥢","1F962","F0 9F A5 A2"},; 
"\ud83e\udd63" => {"🥣","1F963","F0 9F A5 A3"},; 
"\ud83e\udd64" => {"🥤","1F964","F0 9F A5 A4"},; 
"\ud83e\udd65" => {"🥥","1F965","F0 9F A5 A5"},; 
"\ud83e\udd66" => {"🥦","1F966","F0 9F A5 A6"},; 
"\ud83e\udd67" => {"🥧","1F967","F0 9F A5 A7"},; 
"\ud83e\udd68" => {"🥨","1F968","F0 9F A5 A8"},; 
"\ud83e\udd69" => {"🥩","1F969","F0 9F A5 A9"},; 
"\ud83e\udd6a" => {"🥪","1F96A","F0 9F A5 AA"},; 
"\ud83e\udd6b" => {"🥫","1F96B","F0 9F A5 AB"},; 
"\ud83e\udd6c" => {"🥬","1F96C","F0 9F A5 AC"},; 
"\ud83e\udd6d" => {"🥭","1F96D","F0 9F A5 AD"},; 
"\ud83e\udd6e" => {"🥮","1F96E","F0 9F A5 AE"},; 
"\ud83e\udd6f" => {"🥯","1F96F","F0 9F A5 AF"},; 
"\ud83e\udd70" => {"🥰","1F970","F0 9F A5 B0"},; 
"\ud83e\udd71" => {"🥱","1F971","F0 9F A5 B1"},; 
"\ud83e\udd72" => {"🥲","1F972","F0 9F A5 B2"},; 
"\ud83e\udd73" => {"🥳","1F973","F0 9F A5 B3"},; 
"\ud83e\udd74" => {"🥴","1F974","F0 9F A5 B4"},; 
"\ud83e\udd75" => {"🥵","1F975","F0 9F A5 B5"},; 
"\ud83e\udd76" => {"🥶","1F976","F0 9F A5 B6"},; 
"\ud83e\udd77" => {"🥷","1F977","F0 9F A5 B7"},; 
"\ud83e\udd78" => {"🥸","1F978","F0 9F A5 B8"},; 
"\ud83e\udd79" => {"🥹","1F979","F0 9F A5 B9"},; 
"\ud83e\udd7a" => {"🥺","1F97A","F0 9F A5 BA"},; 
"\ud83e\udd7b" => {"🥻","1F97B","F0 9F A5 BB"},; 
"\ud83e\udd7c" => {"🥼","1F97C","F0 9F A5 BC"},; 
"\ud83e\udd7d" => {"🥽","1F97D","F0 9F A5 BD"},; 
"\ud83e\udd7e" => {"🥾","1F97E","F0 9F A5 BE"},; 
"\ud83e\udd7f" => {"🥿","1F97F","F0 9F A5 BF"},; 
"\ud83e\udd80" => {"🦀","1F980","F0 9F A6 80"},; 
"\ud83e\udd81" => {"🦁","1F981","F0 9F A6 81"},; 
"\ud83e\udd82" => {"🦂","1F982","F0 9F A6 82"},; 
"\ud83e\udd83" => {"🦃","1F983","F0 9F A6 83"},; 
"\ud83e\udd84" => {"🦄","1F984","F0 9F A6 84"},; 
"\ud83e\udd85" => {"🦅","1F985","F0 9F A6 85"},; 
"\ud83e\udd86" => {"🦆","1F986","F0 9F A6 86"},; 
"\ud83e\udd87" => {"🦇","1F987","F0 9F A6 87"},; 
"\ud83e\udd88" => {"🦈","1F988","F0 9F A6 88"},; 
"\ud83e\udd89" => {"🦉","1F989","F0 9F A6 89"},; 
"\ud83e\udd8a" => {"🦊","1F98A","F0 9F A6 8A"},; 
"\ud83e\udd8b" => {"🦋","1F98B","F0 9F A6 8B"},; 
"\ud83e\udd8c" => {"🦌","1F98C","F0 9F A6 8C"},; 
"\ud83e\udd8d" => {"🦍","1F98D","F0 9F A6 8D"},; 
"\ud83e\udd8e" => {"🦎","1F98E","F0 9F A6 8E"},; 
"\ud83e\udd8f" => {"🦏","1F98F","F0 9F A6 8F"},; 
"\ud83e\udd90" => {"🦐","1F990","F0 9F A6 90"},; 
"\ud83e\udd91" => {"🦑","1F991","F0 9F A6 91"},; 
"\ud83e\udd92" => {"🦒","1F992","F0 9F A6 92"},; 
"\ud83e\udd93" => {"🦓","1F993","F0 9F A6 93"},; 
"\ud83e\udd94" => {"🦔","1F994","F0 9F A6 94"},; 
"\ud83e\udd95" => {"🦕","1F995","F0 9F A6 95"},; 
"\ud83e\udd96" => {"🦖","1F996","F0 9F A6 96"},; 
"\ud83e\udd97" => {"🦗","1F997","F0 9F A6 97"},; 
"\ud83e\udd98" => {"🦘","1F998","F0 9F A6 98"},; 
"\ud83e\udd99" => {"🦙","1F999","F0 9F A6 99"},; 
"\ud83e\udd9a" => {"🦚","1F99A","F0 9F A6 9A"},; 
"\ud83e\udd9b" => {"🦛","1F99B","F0 9F A6 9B"},; 
"\ud83e\udd9c" => {"🦜","1F99C","F0 9F A6 9C"},; 
"\ud83e\udd9d" => {"🦝","1F99D","F0 9F A6 9D"},; 
"\ud83e\udd9e" => {"🦞","1F99E","F0 9F A6 9E"},; 
"\ud83e\udd9f" => {"🦟","1F99F","F0 9F A6 9F"},; 
"\ud83e\udda0" => {"🦠","1F9A0","F0 9F A6 A0"},; 
"\ud83e\udda1" => {"🦡","1F9A1","F0 9F A6 A1"},; 
"\ud83e\udda2" => {"🦢","1F9A2","F0 9F A6 A2"},; 
"\ud83e\udda3" => {"🦣","1F9A3","F0 9F A6 A3"},; 
"\ud83e\udda4" => {"🦤","1F9A4","F0 9F A6 A4"},; 
"\ud83e\udda5" => {"🦥","1F9A5","F0 9F A6 A5"},; 
"\ud83e\udda6" => {"🦦","1F9A6","F0 9F A6 A6"},; 
"\ud83e\udda7" => {"🦧","1F9A7","F0 9F A6 A7"},; 
"\ud83e\udda8" => {"🦨","1F9A8","F0 9F A6 A8"},; 
"\ud83e\udda9" => {"🦩","1F9A9","F0 9F A6 A9"},; 
"\ud83e\uddaa" => {"🦪","1F9AA","F0 9F A6 AA"},; 
"\ud83e\uddab" => {"🦫","1F9AB","F0 9F A6 AB"},; 
"\ud83e\uddac" => {"🦬","1F9AC","F0 9F A6 AC"},; 
"\ud83e\uddad" => {"🦭","1F9AD","F0 9F A6 AD"},; 
"\ud83e\uddae" => {"🦮","1F9AE","F0 9F A6 AE"},; 
"\ud83e\uddaf" => {"🦯","1F9AF","F0 9F A6 AF"},; 
"\ud83e\uddb0" => {"🦰","1F9B0","F0 9F A6 B0"},; 
"\ud83e\uddb1" => {"🦱","1F9B1","F0 9F A6 B1"},; 
"\ud83e\uddb2" => {"🦲","1F9B2","F0 9F A6 B2"},; 
"\ud83e\uddb3" => {"🦳","1F9B3","F0 9F A6 B3"},; 
"\ud83e\uddb4" => {"🦴","1F9B4","F0 9F A6 B4"},; 
"\ud83e\uddb5" => {"🦵","1F9B5","F0 9F A6 B5"},; 
"\ud83e\uddb6" => {"🦶","1F9B6","F0 9F A6 B6"},; 
"\ud83e\uddb7" => {"🦷","1F9B7","F0 9F A6 B7"},; 
"\ud83e\uddb8" => {"🦸","1F9B8","F0 9F A6 B8"},; 
"\ud83e\uddb9" => {"🦹","1F9B9","F0 9F A6 B9"},; 
"\ud83e\uddba" => {"🦺","1F9BA","F0 9F A6 BA"},; 
"\ud83e\uddbb" => {"🦻","1F9BB","F0 9F A6 BB"},; 
"\ud83e\uddbc" => {"🦼","1F9BC","F0 9F A6 BC"},; 
"\ud83e\uddbd" => {"🦽","1F9BD","F0 9F A6 BD"},; 
"\ud83e\uddbe" => {"🦾","1F9BE","F0 9F A6 BE"},; 
"\ud83e\uddbf" => {"🦿","1F9BF","F0 9F A6 BF"},; 
"\ud83e\uddc0" => {"🧀","1F9C0","F0 9F A7 80"},; 
"\ud83e\uddc1" => {"🧁","1F9C1","F0 9F A7 81"},; 
"\ud83e\uddc2" => {"🧂","1F9C2","F0 9F A7 82"},; 
"\ud83e\uddc3" => {"🧃","1F9C3","F0 9F A7 83"},; 
"\ud83e\uddc4" => {"🧄","1F9C4","F0 9F A7 84"},; 
"\ud83e\uddc5" => {"🧅","1F9C5","F0 9F A7 85"},; 
"\ud83e\uddc6" => {"🧆","1F9C6","F0 9F A7 86"},; 
"\ud83e\uddc7" => {"🧇","1F9C7","F0 9F A7 87"},; 
"\ud83e\uddc8" => {"🧈","1F9C8","F0 9F A7 88"},; 
"\ud83e\uddc9" => {"🧉","1F9C9","F0 9F A7 89"},; 
"\ud83e\uddca" => {"🧊","1F9CA","F0 9F A7 8A"},; 
"\ud83e\uddcb" => {"🧋","1F9CB","F0 9F A7 8B"},; 
"\ud83e\uddcc" => {"🧌","1F9CC","F0 9F A7 8C"},; 
"\ud83e\uddcd" => {"🧍","1F9CD","F0 9F A7 8D"},; 
"\ud83e\uddce" => {"🧎","1F9CE","F0 9F A7 8E"},; 
"\ud83e\uddcf" => {"🧏","1F9CF","F0 9F A7 8F"},; 
"\ud83e\uddd0" => {"🧐","1F9D0","F0 9F A7 90"},; 
"\ud83e\uddd1" => {"🧑","1F9D1","F0 9F A7 91"},; 
"\ud83e\uddd2" => {"🧒","1F9D2","F0 9F A7 92"},; 
"\ud83e\uddd3" => {"🧓","1F9D3","F0 9F A7 93"},; 
"\ud83e\uddd4" => {"🧔","1F9D4","F0 9F A7 94"},; 
"\ud83e\uddd5" => {"🧕","1F9D5","F0 9F A7 95"},; 
"\ud83e\uddd6" => {"🧖","1F9D6","F0 9F A7 96"},; 
"\ud83e\uddd7" => {"🧗","1F9D7","F0 9F A7 97"},; 
"\ud83e\uddd8" => {"🧘","1F9D8","F0 9F A7 98"},; 
"\ud83e\uddd9" => {"🧙","1F9D9","F0 9F A7 99"},; 
"\ud83e\uddda" => {"🧚","1F9DA","F0 9F A7 9A"},; 
"\ud83e\udddb" => {"🧛","1F9DB","F0 9F A7 9B"},; 
"\ud83e\udddc" => {"🧜","1F9DC","F0 9F A7 9C"},; 
"\ud83e\udddd" => {"🧝","1F9DD","F0 9F A7 9D"},; 
"\ud83e\uddde" => {"🧞","1F9DE","F0 9F A7 9E"},; 
"\ud83e\udddf" => {"🧟","1F9DF","F0 9F A7 9F"},; 
"\ud83e\udde0" => {"🧠","1F9E0","F0 9F A7 A0"},; 
"\ud83e\udde1" => {"🧡","1F9E1","F0 9F A7 A1"},; 
"\ud83e\udde2" => {"🧢","1F9E2","F0 9F A7 A2"},; 
"\ud83e\udde3" => {"🧣","1F9E3","F0 9F A7 A3"},; 
"\ud83e\udde4" => {"🧤","1F9E4","F0 9F A7 A4"},; 
"\ud83e\udde5" => {"🧥","1F9E5","F0 9F A7 A5"},; 
"\ud83e\udde6" => {"🧦","1F9E6","F0 9F A7 A6"},; 
"\ud83e\udde7" => {"🧧","1F9E7","F0 9F A7 A7"},; 
"\ud83e\udde8" => {"🧨","1F9E8","F0 9F A7 A8"},; 
"\ud83e\udde9" => {"🧩","1F9E9","F0 9F A7 A9"},; 
"\ud83e\uddea" => {"🧪","1F9EA","F0 9F A7 AA"},; 
"\ud83e\uddeb" => {"🧫","1F9EB","F0 9F A7 AB"},; 
"\ud83e\uddec" => {"🧬","1F9EC","F0 9F A7 AC"},; 
"\ud83e\udded" => {"🧭","1F9ED","F0 9F A7 AD"},; 
"\ud83e\uddee" => {"🧮","1F9EE","F0 9F A7 AE"},; 
"\ud83e\uddef" => {"🧯","1F9EF","F0 9F A7 AF"},; 
"\ud83e\uddf0" => {"🧰","1F9F0","F0 9F A7 B0"},; 
"\ud83e\uddf1" => {"🧱","1F9F1","F0 9F A7 B1"},; 
"\ud83e\uddf2" => {"🧲","1F9F2","F0 9F A7 B2"},; 
"\ud83e\uddf3" => {"🧳","1F9F3","F0 9F A7 B3"},; 
"\ud83e\uddf4" => {"🧴","1F9F4","F0 9F A7 B4"},; 
"\ud83e\uddf5" => {"🧵","1F9F5","F0 9F A7 B5"},; 
"\ud83e\uddf6" => {"🧶","1F9F6","F0 9F A7 B6"},; 
"\ud83e\uddf7" => {"🧷","1F9F7","F0 9F A7 B7"},; 
"\ud83e\uddf8" => {"🧸","1F9F8","F0 9F A7 B8"},; 
"\ud83e\uddf9" => {"🧹","1F9F9","F0 9F A7 B9"},; 
"\ud83e\uddfa" => {"🧺","1F9FA","F0 9F A7 BA"},; 
"\ud83e\uddfb" => {"🧻","1F9FB","F0 9F A7 BB"},; 
"\ud83e\uddfc" => {"🧼","1F9FC","F0 9F A7 BC"},; 
"\ud83e\uddfd" => {"🧽","1F9FD","F0 9F A7 BD"},; 
"\ud83e\uddfe" => {"🧾","1F9FE","F0 9F A7 BE"},; 
"\ud83e\uddff" => {"🧿","1F9FF","F0 9F A7 BF"}; 
}
